Archive member included to satisfy reference by file (symbol)

C:/sloeber-workspace/Samd51_DmaTest/Release/arduino.ar(CDC.cpp.o)
                              .\sloeber.ino.cpp.o (Serial_::begin(unsigned long))
C:/sloeber-workspace/Samd51_DmaTest/Release/arduino.ar(USBCore.cpp.o)
                              C:/sloeber-workspace/Samd51_DmaTest/Release/arduino.ar(CDC.cpp.o) (USBDeviceClass::available(unsigned long))
C:/sloeber-workspace/Samd51_DmaTest/Release/arduino.ar(Print.cpp.o)
                              .\sloeber.ino.cpp.o (Print::print(char const*))
C:/sloeber-workspace/Samd51_DmaTest/Release/arduino.ar(Reset.cpp.o)
                              C:/sloeber-workspace/Samd51_DmaTest/Release/arduino.ar(CDC.cpp.o) (initiateReset)
C:/sloeber-workspace/Samd51_DmaTest/Release/arduino.ar(SERCOM.cpp.o)
                              .\core\variant\variant.cpp.o (SERCOM::SERCOM(Sercom*))
C:/sloeber-workspace/Samd51_DmaTest/Release/arduino.ar(Uart.cpp.o)
                              .\core\variant\variant.cpp.o (Uart::Uart(SERCOM*, unsigned char, unsigned char, SercomRXPad, SercomUartTXPad))
C:/sloeber-workspace/Samd51_DmaTest/Release/arduino.ar(abi.cpp.o)
                              C:/sloeber-workspace/Samd51_DmaTest/Release/arduino.ar(Print.cpp.o) (__cxa_pure_virtual)
C:/sloeber-workspace/Samd51_DmaTest/Release/arduino.ar(cortex_handlers.c.o)
                              (Reset_Handler)
C:/sloeber-workspace/Samd51_DmaTest/Release/arduino.ar(delay.c.o)
                              C:/sloeber-workspace/Samd51_DmaTest/Release/arduino.ar(CDC.cpp.o) (millis)
C:/sloeber-workspace/Samd51_DmaTest/Release/arduino.ar(hooks.c.o)
                              C:/sloeber-workspace/Samd51_DmaTest/Release/arduino.ar(delay.c.o) (yield)
C:/sloeber-workspace/Samd51_DmaTest/Release/arduino.ar(main.cpp.o)
                              c:/sloeber/arduinoplugin/packages/arduino/tools/arm-none-eabi-gcc/7-2017q4/bin/../lib/gcc/arm-none-eabi/7.2.1/../../../../arm-none-eabi/lib/thumb/v7e-m/fpv4-sp/hard/crt0.o (main)
C:/sloeber-workspace/Samd51_DmaTest/Release/arduino.ar(new.cpp.o)
                              C:/sloeber-workspace/Samd51_DmaTest/Release/arduino.ar(USBCore.cpp.o) (operator new(unsigned int))
C:/sloeber-workspace/Samd51_DmaTest/Release/arduino.ar(startup.c.o)
                              C:/sloeber-workspace/Samd51_DmaTest/Release/arduino.ar(cortex_handlers.c.o) (SystemInit)
C:/sloeber-workspace/Samd51_DmaTest/Release/arduino.ar(wiring.c.o)
                              C:/sloeber-workspace/Samd51_DmaTest/Release/arduino.ar(main.cpp.o) (init)
C:/sloeber-workspace/Samd51_DmaTest/Release/arduino.ar(wiring_analog.c.o)
                              C:/sloeber-workspace/Samd51_DmaTest/Release/arduino.ar(wiring.c.o) (analogReference)
C:/sloeber-workspace/Samd51_DmaTest/Release/arduino.ar(wiring_digital.c.o)
                              .\sloeber.ino.cpp.o (pinMode)
C:/sloeber-workspace/Samd51_DmaTest/Release/arduino.ar(wiring_private.c.o)
                              .\libraries\SPI\SPI.cpp.o (pinPeripheral)
C:/sloeber-workspace/Samd51_DmaTest/Release/arduino.ar(PluggableUSB.cpp.o)
                              C:/sloeber-workspace/Samd51_DmaTest/Release/arduino.ar(USBCore.cpp.o) (PluggableUSB_::getInterface(unsigned char*))
C:/sloeber-workspace/Samd51_DmaTest/Release/arduino.ar(SAMD21_USBDevice.cpp.o)
                              C:/sloeber-workspace/Samd51_DmaTest/Release/arduino.ar(USBCore.cpp.o) (USBDevice_SAMD21G18x::reset())
c:/sloeber/arduinoplugin/packages/arduino/tools/arm-none-eabi-gcc/7-2017q4/bin/../lib/gcc/arm-none-eabi/7.2.1/../../../../arm-none-eabi/lib/thumb/v7e-m/fpv4-sp/hard\libm.a(lib_a-w_pow.o)
                              .\sloeber.ino.cpp.o (pow)
c:/sloeber/arduinoplugin/packages/arduino/tools/arm-none-eabi-gcc/7-2017q4/bin/../lib/gcc/arm-none-eabi/7.2.1/../../../../arm-none-eabi/lib/thumb/v7e-m/fpv4-sp/hard\libm.a(lib_a-e_pow.o)
                              c:/sloeber/arduinoplugin/packages/arduino/tools/arm-none-eabi-gcc/7-2017q4/bin/../lib/gcc/arm-none-eabi/7.2.1/../../../../arm-none-eabi/lib/thumb/v7e-m/fpv4-sp/hard\libm.a(lib_a-w_pow.o) (__ieee754_pow)
c:/sloeber/arduinoplugin/packages/arduino/tools/arm-none-eabi-gcc/7-2017q4/bin/../lib/gcc/arm-none-eabi/7.2.1/../../../../arm-none-eabi/lib/thumb/v7e-m/fpv4-sp/hard\libm.a(lib_a-e_sqrt.o)
                              c:/sloeber/arduinoplugin/packages/arduino/tools/arm-none-eabi-gcc/7-2017q4/bin/../lib/gcc/arm-none-eabi/7.2.1/../../../../arm-none-eabi/lib/thumb/v7e-m/fpv4-sp/hard\libm.a(lib_a-e_pow.o) (__ieee754_sqrt)
c:/sloeber/arduinoplugin/packages/arduino/tools/arm-none-eabi-gcc/7-2017q4/bin/../lib/gcc/arm-none-eabi/7.2.1/../../../../arm-none-eabi/lib/thumb/v7e-m/fpv4-sp/hard\libm.a(lib_a-s_fabs.o)
                              c:/sloeber/arduinoplugin/packages/arduino/tools/arm-none-eabi-gcc/7-2017q4/bin/../lib/gcc/arm-none-eabi/7.2.1/../../../../arm-none-eabi/lib/thumb/v7e-m/fpv4-sp/hard\libm.a(lib_a-e_pow.o) (fabs)
[...]
Memory Configuration

Name             Origin             Length             Attributes
FLASH            0x00004000         0x0007c000         xr
RAM              0x20000000         0x00030000         xrw
*default*        0x00000000         0xffffffff

Linker script and memory map

LOAD c:/sloeber/arduinoplugin/packages/arduino/tools/arm-none-eabi-gcc/7-2017q4/bin/../lib/gcc/arm-none-eabi/7.2.1/thumb/v7e-m/fpv4-sp/hard/crti.o
LOAD c:/sloeber/arduinoplugin/packages/arduino/tools/arm-none-eabi-gcc/7-2017q4/bin/../lib/gcc/arm-none-eabi/7.2.1/thumb/v7e-m/fpv4-sp/hard/crtbegin.o
LOAD c:/sloeber/arduinoplugin/packages/arduino/tools/arm-none-eabi-gcc/7-2017q4/bin/../lib/gcc/arm-none-eabi/7.2.1/../../../../arm-none-eabi/lib/thumb/v7e-m/fpv4-sp/hard/crt0.o
LOAD .\sloeber.ino.cpp.o
LOAD .\libraries\SPI\SPI.cpp.o
LOAD .\libraries\Adafruit_ZeroDMA\Adafruit_ZeroDMA.cpp.o
LOAD .\core\variant\variant.cpp.o
START GROUP
LOAD C:\sloeber\arduinoPlugin\packages\arduino\tools\CMSIS\4.5.0/CMSIS/Lib/GCC/\libarm_cortexM4lf_math.a
LOAD C:/sloeber-workspace/Samd51_DmaTest/Release/arduino.ar
END GROUP
LOAD c:/sloeber/arduinoplugin/packages/arduino/tools/arm-none-eabi-gcc/7-2017q4/bin/../lib/gcc/arm-none-eabi/7.2.1/../../../../arm-none-eabi/lib/thumb/v7e-m/fpv4-sp/hard\libstdc++_nano.a
LOAD c:/sloeber/arduinoplugin/packages/arduino/tools/arm-none-eabi-gcc/7-2017q4/bin/../lib/gcc/arm-none-eabi/7.2.1/../../../../arm-none-eabi/lib/thumb/v7e-m/fpv4-sp/hard\libm.a
START GROUP
LOAD c:/sloeber/arduinoplugin/packages/arduino/tools/arm-none-eabi-gcc/7-2017q4/bin/../lib/gcc/arm-none-eabi/7.2.1/thumb/v7e-m/fpv4-sp/hard\libgcc.a
LOAD c:/sloeber/arduinoplugin/packages/arduino/tools/arm-none-eabi-gcc/7-2017q4/bin/../lib/gcc/arm-none-eabi/7.2.1/../../../../arm-none-eabi/lib/thumb/v7e-m/fpv4-sp/hard\libc_nano.a
END GROUP
START GROUP
LOAD c:/sloeber/arduinoplugin/packages/arduino/tools/arm-none-eabi-gcc/7-2017q4/bin/../lib/gcc/arm-none-eabi/7.2.1/thumb/v7e-m/fpv4-sp/hard\libgcc.a
LOAD c:/sloeber/arduinoplugin/packages/arduino/tools/arm-none-eabi-gcc/7-2017q4/bin/../lib/gcc/arm-none-eabi/7.2.1/../../../../arm-none-eabi/lib/thumb/v7e-m/fpv4-sp/hard\libc_nano.a
LOAD c:/sloeber/arduinoplugin/packages/arduino/tools/arm-none-eabi-gcc/7-2017q4/bin/../lib/gcc/arm-none-eabi/7.2.1/../../../../arm-none-eabi/lib/thumb/v7e-m/fpv4-sp/hard\libnosys.a
END GROUP
START GROUP
LOAD c:/sloeber/arduinoplugin/packages/arduino/tools/arm-none-eabi-gcc/7-2017q4/bin/../lib/gcc/arm-none-eabi/7.2.1/thumb/v7e-m/fpv4-sp/hard\libgcc.a
LOAD c:/sloeber/arduinoplugin/packages/arduino/tools/arm-none-eabi-gcc/7-2017q4/bin/../lib/gcc/arm-none-eabi/7.2.1/../../../../arm-none-eabi/lib/thumb/v7e-m/fpv4-sp/hard\libc_nano.a
LOAD c:/sloeber/arduinoplugin/packages/arduino/tools/arm-none-eabi-gcc/7-2017q4/bin/../lib/gcc/arm-none-eabi/7.2.1/../../../../arm-none-eabi/lib/thumb/v7e-m/fpv4-sp/hard\libnosys.a
END GROUP
LOAD c:/sloeber/arduinoplugin/packages/arduino/tools/arm-none-eabi-gcc/7-2017q4/bin/../lib/gcc/arm-none-eabi/7.2.1/thumb/v7e-m/fpv4-sp/hard/crtend.o
LOAD c:/sloeber/arduinoplugin/packages/arduino/tools/arm-none-eabi-gcc/7-2017q4/bin/../lib/gcc/arm-none-eabi/7.2.1/thumb/v7e-m/fpv4-sp/hard/crtn.o

.text           0x00004000     0x4008
                0x00004000                __text_start__ = .
 *(.sketch_boot)
                0x00004000                . = ALIGN (0x4000)
 *(.isr_vector)
 .isr_vector    0x00004000      0x264 C:/sloeber-workspace/Samd51_DmaTest/Release/arduino.ar(cortex_handlers.c.o)
                0x00004000                exception_table
 *(.text*)
 .text          0x00004264       0x40 c:/sloeber/arduinoplugin/packages/arduino/tools/arm-none-eabi-gcc/7-2017q4/bin/../lib/gcc/arm-none-eabi/7.2.1/thumb/v7e-m/fpv4-sp/hard/crtbegin.o
 .text.setup    0x000042a4       0x80 .\sloeber.ino.cpp.o
                0x000042a4                setup
 .text.loop     0x00004324       0x94 .\sloeber.ino.cpp.o
                0x00004324                loop
 .text._ZN8SPIClassC2EP6SERCOMhhh14SercomSpiTXPad11SercomRXPad
                0x000043b8       0x64 .\libraries\SPI\SPI.cpp.o
                0x000043b8                SPIClass::SPIClass(SERCOM*, unsigned char, unsigned char, unsigned char, SercomSpiTXPad, SercomRXPad)
                0x000043b8                SPIClass::SPIClass(SERCOM*, unsigned char, unsigned char, unsigned char, SercomSpiTXPad, SercomRXPad)
 .text._ZN8SPIClass4initEv
                0x0000441c       0x10 .\libraries\SPI\SPI.cpp.o
                0x0000441c                SPIClass::init()
 .text._ZN8SPIClass6configE11SPISettings
                0x0000442c       0x3a .\libraries\SPI\SPI.cpp.o
                0x0000442c                SPIClass::config(SPISettings)
 *fill*         0x00004466        0x2 
 .text._ZN8SPIClass5beginEv
                0x00004468       0x50 .\libraries\SPI\SPI.cpp.o
                0x00004468                SPIClass::begin()
 .text._ZN8SPIClass16beginTransactionE11SPISettings
                0x000044b8       0x3c .\libraries\SPI\SPI.cpp.o
                0x000044b8                SPIClass::beginTransaction(SPISettings)
 .text._ZN8SPIClass14endTransactionEv
                0x000044f4       0x20 .\libraries\SPI\SPI.cpp.o
                0x000044f4                SPIClass::endTransaction()
 .text._ZN8SPIClass15waitForTransferEv
                0x00004514        0xa .\libraries\SPI\SPI.cpp.o
                0x00004514                SPIClass::waitForTransfer()
 .text._ZN8SPIClass8transferEPKvPvmb
                0x0000451e       0x22 .\libraries\SPI\SPI.cpp.o
                0x0000451e                SPIClass::transfer(void const*, void*, unsigned long, bool)
 .text.startup._GLOBAL__sub_I__ZN8SPIClassC2EP6SERCOMhhh14SercomSpiTXPad11SercomRXPad
                0x00004540       0x3c .\libraries\SPI\SPI.cpp.o
 .text._ZL22cpu_irq_enter_criticalv
                0x0000457c       0x2c .\libraries\Adafruit_ZeroDMA\Adafruit_ZeroDMA.cpp.o
 .text._ZL22cpu_irq_leave_criticalv
                0x000045a8       0x28 .\libraries\Adafruit_ZeroDMA\Adafruit_ZeroDMA.cpp.o
 .text._ZN16Adafruit_ZeroDMAC2Ev
                0x000045d0       0x1a .\libraries\Adafruit_ZeroDMA\Adafruit_ZeroDMA.cpp.o
                0x000045d0                Adafruit_ZeroDMA::Adafruit_ZeroDMA()
                0x000045d0                Adafruit_ZeroDMA::Adafruit_ZeroDMA()
 *fill*         0x000045ea        0x2 
 .text._ZN16Adafruit_ZeroDMA11_IRQhandlerEh
                0x000045ec       0x68 .\libraries\Adafruit_ZeroDMA\Adafruit_ZeroDMA.cpp.o
                0x000045ec                Adafruit_ZeroDMA::_IRQhandler(unsigned char)
 .text.DMAC_0_Handler
                0x00004654       0x2c .\libraries\Adafruit_ZeroDMA\Adafruit_ZeroDMA.cpp.o
                0x00004654                DMAC_4_Handler
                0x00004654                DMAC_2_Handler
                0x00004654                DMAC_1_Handler
                0x00004654                DMAC_3_Handler
                0x00004654                DMAC_0_Handler
 .text.SERCOM3_0_Handler
                0x00004680        0xc .\core\variant\variant.cpp.o
                0x00004680                SERCOM3_0_Handler
 .text.SERCOM3_1_Handler
                0x0000468c        0x4 .\core\variant\variant.cpp.o
                0x0000468c                SERCOM3_1_Handler
 .text.SERCOM3_2_Handler
                0x00004690        0x4 .\core\variant\variant.cpp.o
                0x00004690                SERCOM3_2_Handler
 .text.SERCOM3_3_Handler
                0x00004694        0x4 .\core\variant\variant.cpp.o
                0x00004694                SERCOM3_3_Handler
 .text.startup._GLOBAL__sub_I_g_APinDescription
                0x00004698       0x7c .\core\variant\variant.cpp.o
 .text._ZN7Serial_17availableForWriteEv
                0x00004714        0x4 C:/sloeber-workspace/Samd51_DmaTest/Release/arduino.ar(CDC.cpp.o)
                0x00004714                Serial_::availableForWrite()
 .text._ZN7Serial_5writeEh
                0x00004718       0x16 C:/sloeber-workspace/Samd51_DmaTest/Release/arduino.ar(CDC.cpp.o)
                0x00004718                Serial_::write(unsigned char)
 .text._ZN7Serial_9availableEv
                0x0000472e        0x8 C:/sloeber-workspace/Samd51_DmaTest/Release/arduino.ar(CDC.cpp.o)
                0x0000472e                Serial_::available()
 .text._ZN7Serial_5flushEv
                0x00004736        0x8 C:/sloeber-workspace/Samd51_DmaTest/Release/arduino.ar(CDC.cpp.o)
                0x00004736                Serial_::flush()
 *fill*         0x0000473e        0x2 
 .text._ZN7Serial_5writeEPKhj
                0x00004740       0x28 C:/sloeber-workspace/Samd51_DmaTest/Release/arduino.ar(CDC.cpp.o)
                0x00004740                Serial_::write(unsigned char const*, unsigned int)
 .text._ZN7Serial_4peekEv
                0x00004768       0x1c C:/sloeber-workspace/Samd51_DmaTest/Release/arduino.ar(CDC.cpp.o)
                0x00004768                Serial_::peek()
 .text._ZN7Serial_4readEv
                0x00004784       0x20 C:/sloeber-workspace/Samd51_DmaTest/Release/arduino.ar(CDC.cpp.o)
                0x00004784                Serial_::read()
 .text._Z16CDC_GetInterfacePh
                0x000047a4       0x18 C:/sloeber-workspace/Samd51_DmaTest/Release/arduino.ar(CDC.cpp.o)
                0x000047a4                CDC_GetInterface(unsigned char*)
 .text._Z9CDC_SetupR8USBSetup
                0x000047bc       0x74 C:/sloeber-workspace/Samd51_DmaTest/Release/arduino.ar(CDC.cpp.o)
                0x000047bc                CDC_Setup(USBSetup&)
 .text._ZN7Serial_5beginEm
                0x00004830        0x2 C:/sloeber-workspace/Samd51_DmaTest/Release/arduino.ar(CDC.cpp.o)
                0x00004830                Serial_::begin(unsigned long)
 *fill*         0x00004832        0x2 
 .text.startup._GLOBAL__sub_I__Z17_CDC_GetInterfacev
                0x00004834       0x24 C:/sloeber-workspace/Samd51_DmaTest/Release/arduino.ar(CDC.cpp.o)
 .text._ZN26DoubleBufferedEPOutHandler4initEv
                0x00004858        0x2 C:/sloeber-workspace/Samd51_DmaTest/Release/arduino.ar(USBCore.cpp.o)
                0x00004858                DoubleBufferedEPOutHandler::init()
 .text._ZL5utox8mPc
                0x0000485a       0x22 C:/sloeber-workspace/Samd51_DmaTest/Release/arduino.ar(USBCore.cpp.o)
 .text._ZN26DoubleBufferedEPOutHandlerD2Ev
                0x0000487c       0x14 C:/sloeber-workspace/Samd51_DmaTest/Release/arduino.ar(USBCore.cpp.o)
                0x0000487c                DoubleBufferedEPOutHandler::~DoubleBufferedEPOutHandler()
                0x0000487c                DoubleBufferedEPOutHandler::~DoubleBufferedEPOutHandler()
 .text._ZN26DoubleBufferedEPOutHandlerD0Ev
                0x00004890       0x12 C:/sloeber-workspace/Samd51_DmaTest/Release/arduino.ar(USBCore.cpp.o)
                0x00004890                DoubleBufferedEPOutHandler::~DoubleBufferedEPOutHandler()
 *fill*         0x000048a2        0x2 
 .text._ZN14USBDeviceClass6initEPEmm.part.5
                0x000048a4       0xc4 C:/sloeber-workspace/Samd51_DmaTest/Release/arduino.ar(USBCore.cpp.o)
 .text._ZN7__GuardC2Ev
                0x00004968        0xe C:/sloeber-workspace/Samd51_DmaTest/Release/arduino.ar(USBCore.cpp.o)
                0x00004968                __Guard::__Guard()
                0x00004968                __Guard::__Guard()
 .text._ZN7__GuardD2Ev
                0x00004976        0xc C:/sloeber-workspace/Samd51_DmaTest/Release/arduino.ar(USBCore.cpp.o)
                0x00004976                __Guard::~__Guard()
                0x00004976                __Guard::~__Guard()
 .text._ZNK26DoubleBufferedEPOutHandler9availableEv
                0x00004982       0x5e C:/sloeber-workspace/Samd51_DmaTest/Release/arduino.ar(USBCore.cpp.o)
                0x00004982                DoubleBufferedEPOutHandler::available() const
 .text._ZN26DoubleBufferedEPOutHandler7releaseEv
                0x000049e0       0x4e C:/sloeber-workspace/Samd51_DmaTest/Release/arduino.ar(USBCore.cpp.o)
                0x000049e0                DoubleBufferedEPOutHandler::release()
 .text._ZN26DoubleBufferedEPOutHandler4recvEPvm
                0x00004a2e      0x116 C:/sloeber-workspace/Samd51_DmaTest/Release/arduino.ar(USBCore.cpp.o)
                0x00004a2e                DoubleBufferedEPOutHandler::recv(void*, unsigned long)
 .text._ZN26DoubleBufferedEPOutHandler14handleEndpointEv
                0x00004b44       0xb8 C:/sloeber-workspace/Samd51_DmaTest/Release/arduino.ar(USBCore.cpp.o)
                0x00004b44                DoubleBufferedEPOutHandler::handleEndpoint()
 .text._ZN14USBDeviceClass14SendInterfacesEPm
                0x00004bfc       0x30 C:/sloeber-workspace/Samd51_DmaTest/Release/arduino.ar(USBCore.cpp.o)
                0x00004bfc                USBDeviceClass::SendInterfaces(unsigned long*)
 .text._ZN14USBDeviceClass14handleEndpointEh
                0x00004c2c       0x3c C:/sloeber-workspace/Samd51_DmaTest/Release/arduino.ar(USBCore.cpp.o)
                0x00004c2c                USBDeviceClass::handleEndpoint(unsigned char)
 .text._ZN14USBDeviceClass4initEv
                0x00004c68      0x124 C:/sloeber-workspace/Samd51_DmaTest/Release/arduino.ar(USBCore.cpp.o)
                0x00004c68                USBDeviceClass::init()
 .text._ZN14USBDeviceClass6attachEv
                0x00004d8c       0x30 C:/sloeber-workspace/Samd51_DmaTest/Release/arduino.ar(USBCore.cpp.o)
                0x00004d8c                USBDeviceClass::attach()
 .text._ZN14USBDeviceClass10setAddressEm
                0x00004dbc       0x40 C:/sloeber-workspace/Samd51_DmaTest/Release/arduino.ar(USBCore.cpp.o)
                0x00004dbc                USBDeviceClass::setAddress(unsigned long)
 .text._ZN14USBDeviceClass25handleClassInterfaceSetupER8USBSetup
                0x00004dfc       0x40 C:/sloeber-workspace/Samd51_DmaTest/Release/arduino.ar(USBCore.cpp.o)
                0x00004dfc                USBDeviceClass::handleClassInterfaceSetup(USBSetup&)
 .text._ZN14USBDeviceClass6initEPEmm
                0x00004e3c       0xe0 C:/sloeber-workspace/Samd51_DmaTest/Release/arduino.ar(USBCore.cpp.o)
                0x00004e3c                USBDeviceClass::initEP(unsigned long, unsigned long)
 .text._ZN14USBDeviceClass13initEndpointsEv
                0x00004f1c       0x20 C:/sloeber-workspace/Samd51_DmaTest/Release/arduino.ar(USBCore.cpp.o)
                0x00004f1c                USBDeviceClass::initEndpoints()
 .text._ZN14USBDeviceClass9availableEm
                0x00004f3c       0x28 C:/sloeber-workspace/Samd51_DmaTest/Release/arduino.ar(USBCore.cpp.o)
                0x00004f3c                USBDeviceClass::available(unsigned long)
 .text._ZN14USBDeviceClass5flushEm
                0x00004f64       0x28 C:/sloeber-workspace/Samd51_DmaTest/Release/arduino.ar(USBCore.cpp.o)
                0x00004f64                USBDeviceClass::flush(unsigned long)
 .text._ZN14USBDeviceClass14armRecvCtrlOUTEm
                0x00004f8c       0x54 C:/sloeber-workspace/Samd51_DmaTest/Release/arduino.ar(USBCore.cpp.o)
                0x00004f8c                USBDeviceClass::armRecvCtrlOUT(unsigned long)
 .text._ZN14USBDeviceClass11recvControlEPvm
                0x00004fe0       0x3c C:/sloeber-workspace/Samd51_DmaTest/Release/arduino.ar(USBCore.cpp.o)
                0x00004fe0                USBDeviceClass::recvControl(void*, unsigned long)
 .text._ZN14USBDeviceClass7armRecvEm
                0x0000501c       0x34 C:/sloeber-workspace/Samd51_DmaTest/Release/arduino.ar(USBCore.cpp.o)
                0x0000501c                USBDeviceClass::armRecv(unsigned long)
 .text._ZN14USBDeviceClass4recvEmPvm
                0x00005050       0xd8 C:/sloeber-workspace/Samd51_DmaTest/Release/arduino.ar(USBCore.cpp.o)
                0x00005050                USBDeviceClass::recv(unsigned long, void*, unsigned long)
 .text._ZN14USBDeviceClass4recvEm
                0x00005128       0x1e C:/sloeber-workspace/Samd51_DmaTest/Release/arduino.ar(USBCore.cpp.o)
                0x00005128                USBDeviceClass::recv(unsigned long)
 *fill*         0x00005146        0x2 
 .text._ZN14USBDeviceClass4sendEmPKvm
                0x00005148      0x108 C:/sloeber-workspace/Samd51_DmaTest/Release/arduino.ar(USBCore.cpp.o)
                0x00005148                USBDeviceClass::send(unsigned long, void const*, unsigned long)
 .text._ZN14USBDeviceClass7armSendEmPKvm
                0x00005250       0x3c C:/sloeber-workspace/Samd51_DmaTest/Release/arduino.ar(USBCore.cpp.o)
                0x00005250                USBDeviceClass::armSend(unsigned long, void const*, unsigned long)
 .text._ZN14USBDeviceClass11sendControlEPKvm
                0x0000528c       0x58 C:/sloeber-workspace/Samd51_DmaTest/Release/arduino.ar(USBCore.cpp.o)
                0x0000528c                USBDeviceClass::sendControl(void const*, unsigned long)
 .text._ZN14USBDeviceClass20sendStringDescriptorEPKhh
                0x000052e4       0x6c C:/sloeber-workspace/Samd51_DmaTest/Release/arduino.ar(USBCore.cpp.o)
                0x000052e4                USBDeviceClass::sendStringDescriptor(unsigned char const*, unsigned char)
 .text._ZN14USBDeviceClass17sendConfigurationEm
                0x00005350       0xa0 C:/sloeber-workspace/Samd51_DmaTest/Release/arduino.ar(USBCore.cpp.o)
                0x00005350                USBDeviceClass::sendConfiguration(unsigned long)
 .text._ZN14USBDeviceClass14sendDescriptorER8USBSetup
                0x000053f0       0xe8 C:/sloeber-workspace/Samd51_DmaTest/Release/arduino.ar(USBCore.cpp.o)
                0x000053f0                USBDeviceClass::sendDescriptor(USBSetup&)
 .text._ZN14USBDeviceClass19handleStandardSetupER8USBSetup
                0x000054d8      0x114 C:/sloeber-workspace/Samd51_DmaTest/Release/arduino.ar(USBCore.cpp.o)
                0x000054d8                USBDeviceClass::handleStandardSetup(USBSetup&)
 .text._ZN14USBDeviceClass10ISRHandlerEv
                0x000055ec      0x158 C:/sloeber-workspace/Samd51_DmaTest/Release/arduino.ar(USBCore.cpp.o)
                0x000055ec                USBDeviceClass::ISRHandler()
 .text.UDD_Handler
                0x00005744        0xc C:/sloeber-workspace/Samd51_DmaTest/Release/arduino.ar(USBCore.cpp.o)
                0x00005744                UDD_Handler
 .text.startup._GLOBAL__sub_I_usbd
                0x00005750       0x10 C:/sloeber-workspace/Samd51_DmaTest/Release/arduino.ar(USBCore.cpp.o)
 .text._ZN5Print5writeEPKhj
                0x00005760       0x2c C:/sloeber-workspace/Samd51_DmaTest/Release/arduino.ar(Print.cpp.o)
                0x00005760                Print::write(unsigned char const*, unsigned int)
 .text._ZN5Print5writeEPKc.part.2
                0x0000578c       0x1c C:/sloeber-workspace/Samd51_DmaTest/Release/arduino.ar(Print.cpp.o)
 .text._ZN5Print5writeEPKc
                0x000057a8        0xa C:/sloeber-workspace/Samd51_DmaTest/Release/arduino.ar(Print.cpp.o)
                0x000057a8                Print::write(char const*)
 *fill*         0x000057b2        0x2 
 .text._ZN5Print7printlnEv
                0x000057b4        0xc C:/sloeber-workspace/Samd51_DmaTest/Release/arduino.ar(Print.cpp.o)
                0x000057b4                Print::println()
 .text._ZN5Print7printlnEPKc
                0x000057c0       0x14 C:/sloeber-workspace/Samd51_DmaTest/Release/arduino.ar(Print.cpp.o)
                0x000057c0                Print::println(char const*)
 .text.initiateReset
                0x000057d4        0xc C:/sloeber-workspace/Samd51_DmaTest/Release/arduino.ar(Reset.cpp.o)
                0x000057d4                initiateReset
 .text.cancelReset
                0x000057e0       0x10 C:/sloeber-workspace/Samd51_DmaTest/Release/arduino.ar(Reset.cpp.o)
                0x000057e0                cancelReset
 .text.tickReset
                0x000057f0       0x48 C:/sloeber-workspace/Samd51_DmaTest/Release/arduino.ar(Reset.cpp.o)
                0x000057f0                tickReset
 .text._ZN6SERCOMC2EP6Sercom
                0x00005838        0x8 C:/sloeber-workspace/Samd51_DmaTest/Release/arduino.ar(SERCOM.cpp.o)
                0x00005838                SERCOM::SERCOM(Sercom*)
                0x00005838                SERCOM::SERCOM(Sercom*)
 .text._ZN6SERCOM9initFrameE18SercomUartCharSize15SercomDataOrder16SercomParityMode19SercomNumberStopBit
                0x00005840       0x38 C:/sloeber-workspace/Samd51_DmaTest/Release/arduino.ar(SERCOM.cpp.o)
                0x00005840                SERCOM::initFrame(SercomUartCharSize, SercomDataOrder, SercomParityMode, SercomNumberStopBit)
 .text._ZN6SERCOM8initPadsE15SercomUartTXPad11SercomRXPad
                0x00005878       0x24 C:/sloeber-workspace/Samd51_DmaTest/Release/arduino.ar(SERCOM.cpp.o)
                0x00005878                SERCOM::initPads(SercomUartTXPad, SercomRXPad)
 .text._ZN6SERCOM9resetUARTEv
                0x0000589c       0x1a C:/sloeber-workspace/Samd51_DmaTest/Release/arduino.ar(SERCOM.cpp.o)
                0x0000589c                SERCOM::resetUART()
 .text._ZN6SERCOM10enableUARTEv
                0x000058b6       0x14 C:/sloeber-workspace/Samd51_DmaTest/Release/arduino.ar(SERCOM.cpp.o)
                0x000058b6                SERCOM::enableUART()
 .text._ZN6SERCOM9flushUARTEv
                0x000058ca       0x14 C:/sloeber-workspace/Samd51_DmaTest/Release/arduino.ar(SERCOM.cpp.o)
                0x000058ca                SERCOM::flushUART()
 .text._ZN6SERCOM15clearStatusUARTEv
                0x000058de        0x8 C:/sloeber-workspace/Samd51_DmaTest/Release/arduino.ar(SERCOM.cpp.o)
                0x000058de                SERCOM::clearStatusUART()
 .text._ZN6SERCOM17availableDataUARTEv
                0x000058e6        0xa C:/sloeber-workspace/Samd51_DmaTest/Release/arduino.ar(SERCOM.cpp.o)
                0x000058e6                SERCOM::availableDataUART()
 .text._ZN6SERCOM11isUARTErrorEv
                0x000058f0        0x8 C:/sloeber-workspace/Samd51_DmaTest/Release/arduino.ar(SERCOM.cpp.o)
                0x000058f0                SERCOM::isUARTError()
 .text._ZN6SERCOM20acknowledgeUARTErrorEv
                0x000058f8        0xc C:/sloeber-workspace/Samd51_DmaTest/Release/arduino.ar(SERCOM.cpp.o)
                0x000058f8                SERCOM::acknowledgeUARTError()
 .text._ZN6SERCOM16isFrameErrorUARTEv
                0x00005904        0xa C:/sloeber-workspace/Samd51_DmaTest/Release/arduino.ar(SERCOM.cpp.o)
                0x00005904                SERCOM::isFrameErrorUART()
 .text._ZN6SERCOM19clearFrameErrorUARTEv
                0x0000590e        0xc C:/sloeber-workspace/Samd51_DmaTest/Release/arduino.ar(SERCOM.cpp.o)
                0x0000590e                SERCOM::clearFrameErrorUART()
 .text._ZN6SERCOM23isDataRegisterEmptyUARTEv
                0x0000591a        0xa C:/sloeber-workspace/Samd51_DmaTest/Release/arduino.ar(SERCOM.cpp.o)
                0x0000591a                SERCOM::isDataRegisterEmptyUART()
 .text._ZN6SERCOM12readDataUARTEv
                0x00005924        0x8 C:/sloeber-workspace/Samd51_DmaTest/Release/arduino.ar(SERCOM.cpp.o)
                0x00005924                SERCOM::readDataUART()
 .text._ZN6SERCOM13writeDataUARTEh
                0x0000592c        0xe C:/sloeber-workspace/Samd51_DmaTest/Release/arduino.ar(SERCOM.cpp.o)
                0x0000592c                SERCOM::writeDataUART(unsigned char)
 .text._ZN6SERCOM36enableDataRegisterEmptyInterruptUARTEv
                0x0000593a        0x8 C:/sloeber-workspace/Samd51_DmaTest/Release/arduino.ar(SERCOM.cpp.o)
                0x0000593a                SERCOM::enableDataRegisterEmptyInterruptUART()
 .text._ZN6SERCOM37disableDataRegisterEmptyInterruptUARTEv
                0x00005942        0x8 C:/sloeber-workspace/Samd51_DmaTest/Release/arduino.ar(SERCOM.cpp.o)
                0x00005942                SERCOM::disableDataRegisterEmptyInterruptUART()
 .text._ZN6SERCOM8resetSPIEv
                0x0000594a       0x1a C:/sloeber-workspace/Samd51_DmaTest/Release/arduino.ar(SERCOM.cpp.o)
                0x0000594a                SERCOM::resetSPI()
 .text._ZN6SERCOM9enableSPIEv
                0x00005964       0x14 C:/sloeber-workspace/Samd51_DmaTest/Release/arduino.ar(SERCOM.cpp.o)
                0x00005964                SERCOM::enableSPI()
 .text._ZN6SERCOM10disableSPIEv
                0x00005978       0x16 C:/sloeber-workspace/Samd51_DmaTest/Release/arduino.ar(SERCOM.cpp.o)
                0x00005978                SERCOM::disableSPI()
 .text._ZN6SERCOM28calculateBaudrateSynchronousEm
                0x0000598e       0x14 C:/sloeber-workspace/Samd51_DmaTest/Release/arduino.ar(SERCOM.cpp.o)
                0x0000598e                SERCOM::calculateBaudrateSynchronous(unsigned long)
 .text._ZN6SERCOM12initSPIClockE18SercomSpiClockModem
                0x000059a2       0x24 C:/sloeber-workspace/Samd51_DmaTest/Release/arduino.ar(SERCOM.cpp.o)
                0x000059a2                SERCOM::initSPIClock(SercomSpiClockMode, unsigned long)
 *fill*         0x000059c6        0x2 
 .text._ZN6SERCOM14getSercomIndexEv
                0x000059c8       0x58 C:/sloeber-workspace/Samd51_DmaTest/Release/arduino.ar(SERCOM.cpp.o)
                0x000059c8                SERCOM::getSercomIndex()
 .text._ZN6SERCOM14setClockSourceEa17SercomClockSourceb
                0x00005a20       0xc0 C:/sloeber-workspace/Samd51_DmaTest/Release/arduino.ar(SERCOM.cpp.o)
                0x00005a20                SERCOM::setClockSource(signed char, SercomClockSource, bool)
 .text._ZN6SERCOM13initClockNVICEv
                0x00005ae0       0x98 C:/sloeber-workspace/Samd51_DmaTest/Release/arduino.ar(SERCOM.cpp.o)
                0x00005ae0                SERCOM::initClockNVIC()
 .text._ZN6SERCOM8initUARTE14SercomUartMode20SercomUartSampleRatem
                0x00005b78       0x64 C:/sloeber-workspace/Samd51_DmaTest/Release/arduino.ar(SERCOM.cpp.o)
                0x00005b78                SERCOM::initUART(SercomUartMode, SercomUartSampleRate, unsigned long)
 .text._ZN6SERCOM7initSPIE14SercomSpiTXPad11SercomRXPad17SercomSpiCharSize15SercomDataOrder
                0x00005bdc       0x46 C:/sloeber-workspace/Samd51_DmaTest/Release/arduino.ar(SERCOM.cpp.o)
                0x00005bdc                SERCOM::initSPI(SercomSpiTXPad, SercomRXPad, SercomSpiCharSize, SercomDataOrder)
 .text._ZN4UartcvbEv
                0x00005c22        0x4 C:/sloeber-workspace/Samd51_DmaTest/Release/arduino.ar(Uart.cpp.o)
                0x00005c22                Uart::operator bool()
 .text._ZN4Uart5beginEm
                0x00005c26        0xa C:/sloeber-workspace/Samd51_DmaTest/Release/arduino.ar(Uart.cpp.o)
                0x00005c26                Uart::begin(unsigned long)
 .text._ZN4Uart4peekEv
                0x00005c30       0x1a C:/sloeber-workspace/Samd51_DmaTest/Release/arduino.ar(Uart.cpp.o)
                0x00005c30                Uart::peek()
 .text._ZN4Uart3endEv
                0x00005c4a       0x1e C:/sloeber-workspace/Samd51_DmaTest/Release/arduino.ar(Uart.cpp.o)
                0x00005c4a                Uart::end()
 .text._ZN4Uart16extractNbStopBitEt
                0x00005c68        0xe C:/sloeber-workspace/Samd51_DmaTest/Release/arduino.ar(Uart.cpp.o)
                0x00005c68                Uart::extractNbStopBit(unsigned short)
 .text._ZN4Uart15extractCharSizeEt
                0x00005c76       0x24 C:/sloeber-workspace/Samd51_DmaTest/Release/arduino.ar(Uart.cpp.o)
                0x00005c76                Uart::extractCharSize(unsigned short)
 .text._ZN4Uart13extractParityEt
                0x00005c9a       0x16 C:/sloeber-workspace/Samd51_DmaTest/Release/arduino.ar(Uart.cpp.o)
                0x00005c9a                Uart::extractParity(unsigned short)
 .text._ZN4Uart5beginEmt
                0x00005cb0       0xe0 C:/sloeber-workspace/Samd51_DmaTest/Release/arduino.ar(Uart.cpp.o)
                0x00005cb0                Uart::begin(unsigned long, unsigned short)
 .text._ZN11RingBufferNILi256EEC2Ev
                0x00005d90       0x18 C:/sloeber-workspace/Samd51_DmaTest/Release/arduino.ar(Uart.cpp.o)
                0x00005d90                RingBufferN<256>::RingBufferN()
                0x00005d90                RingBufferN<256>::RingBufferN()
 .text._ZN4UartC2EP6SERCOMhh11SercomRXPad15SercomUartTXPad
                0x00005da8       0x54 C:/sloeber-workspace/Samd51_DmaTest/Release/arduino.ar(Uart.cpp.o)
                0x00005da8                Uart::Uart(SERCOM*, unsigned char, unsigned char, SercomRXPad, SercomUartTXPad)
                0x00005da8                Uart::Uart(SERCOM*, unsigned char, unsigned char, SercomRXPad, SercomUartTXPad)
 .text._ZN11RingBufferNILi256EE9availableEv
                0x00005dfc       0x12 C:/sloeber-workspace/Samd51_DmaTest/Release/arduino.ar(Uart.cpp.o)
                0x00005dfc                RingBufferN<256>::available()
 .text._ZN4Uart5flushEv
                0x00005e0e       0x1c C:/sloeber-workspace/Samd51_DmaTest/Release/arduino.ar(Uart.cpp.o)
                0x00005e0e                Uart::flush()
 .text._ZN4Uart9availableEv
                0x00005e2a        0xa C:/sloeber-workspace/Samd51_DmaTest/Release/arduino.ar(Uart.cpp.o)
                0x00005e2a                Uart::available()
 .text._ZN11RingBufferNILi256EE17availableForStoreEv
                0x00005e34       0x2c C:/sloeber-workspace/Samd51_DmaTest/Release/arduino.ar(Uart.cpp.o)
                0x00005e34                RingBufferN<256>::availableForStore()
 .text._ZN4Uart17availableForWriteEv
                0x00005e60        0xc C:/sloeber-workspace/Samd51_DmaTest/Release/arduino.ar(Uart.cpp.o)
                0x00005e60                Uart::availableForWrite()
 .text._ZN4Uart10IrqHandlerEv
                0x00005e6c       0xc4 C:/sloeber-workspace/Samd51_DmaTest/Release/arduino.ar(Uart.cpp.o)
                0x00005e6c                Uart::IrqHandler()
 .text._ZN4Uart5writeEh
                0x00005f30       0xac C:/sloeber-workspace/Samd51_DmaTest/Release/arduino.ar(Uart.cpp.o)
                0x00005f30                Uart::write(unsigned char)
 .text._ZN4Uart4readEv
                0x00005fdc       0x4a C:/sloeber-workspace/Samd51_DmaTest/Release/arduino.ar(Uart.cpp.o)
                0x00005fdc                Uart::read()
 .text.Dummy_Handler
                0x00006026        0x2 C:/sloeber-workspace/Samd51_DmaTest/Release/arduino.ar(cortex_handlers.c.o)
                0x00006026                EIC_5_Handler
                0x00006026                SERCOM0_2_Handler
                0x00006026                DebugMon_Handler
                0x00006026                EIC_13_Handler
                0x00006026                EVSYS_0_Handler
                0x00006026                TCC1_3_Handler
                0x00006026                DAC_3_Handler
                0x00006026                TRNG_Handler
                0x00006026                HardFault_Handler
                0x00006026                PDEC_2_Handler
                0x00006026                EIC_4_Handler
                0x00006026                AC_Handler
                0x00006026                TCC2_3_Handler
                0x00006026                PendSV_Handler
                0x00006026                NMI_Handler
                0x00006026                TC7_Handler
                0x00006026                ADC1_1_Handler
                0x00006026                EVSYS_3_Handler
                0x00006026                PDEC_0_Handler
                0x00006026                QSPI_Handler
                0x00006026                TCC0_0_Handler
                0x00006026                EIC_3_Handler
                0x00006026                TAL_0_Handler
                0x00006026                DAC_2_Handler
                0x00006026                SERCOM0_0_Handler
                0x00006026                RTC_Handler
                0x00006026                UsageFault_Handler
                0x00006026                SERCOM4_0_Handler
                0x00006026                EIC_10_Handler
                0x00006026                SERCOM0_3_Handler
                0x00006026                EIC_11_Handler
                0x00006026                EIC_9_Handler
                0x00006026                OSC32KCTRL_Handler
                0x00006026                TCC2_1_Handler
                0x00006026                SUPC_1_Handler
                0x00006026                TCC0_5_Handler
                0x00006026                TCC0_6_Handler
                0x00006026                SERCOM6_2_Handler
                0x00006026                EVSYS_1_Handler
                0x00006026                TCC1_4_Handler
                0x00006026                TC6_Handler
                0x00006026                WDT_Handler
                0x00006026                EIC_8_Handler
                0x00006026                EIC_15_Handler
                0x00006026                SERCOM6_0_Handler
                0x00006026                SERCOM5_0_Handler
                0x00006026                TC4_Handler
                0x00006026                TC1_Handler
                0x00006026                OSCCTRL_4_Handler
                0x00006026                SERCOM4_3_Handler
                0x00006026                EIC_12_Handler
                0x00006026                TCC4_2_Handler
                0x00006026                PAC_Handler
                0x00006026                TCC1_0_Handler
                0x00006026                OSCCTRL_0_Handler
                0x00006026                EIC_0_Handler
                0x00006026                OSCCTRL_3_Handler
                0x00006026                SERCOM4_1_Handler
                0x00006026                TC3_Handler
                0x00006026                Dummy_Handler
                0x00006026                TCC3_0_Handler
                0x00006026                TCC2_2_Handler
                0x00006026                SERCOM5_1_Handler
                0x00006026                TCC1_1_Handler
                0x00006026                ADC0_0_Handler
                0x00006026                SERCOM0_1_Handler
                0x00006026                OSCCTRL_2_Handler
                0x00006026                ADC1_0_Handler
                0x00006026                TCC1_2_Handler
                0x00006026                SERCOM7_1_Handler
                0x00006026                PM_Handler
                0x00006026                SERCOM6_3_Handler
                0x00006026                SERCOM2_3_Handler
                0x00006026                DAC_4_Handler
                0x00006026                TCC3_2_Handler
                0x00006026                SERCOM7_0_Handler
                0x00006026                TCC0_2_Handler
                0x00006026                TCC4_0_Handler
                0x00006026                SERCOM7_3_Handler
                0x00006026                SDHC1_Handler
                0x00006026                SERCOM7_2_Handler
                0x00006026                TCC2_0_Handler
                0x00006026                PDEC_1_Handler
                0x00006026                MemManage_Handler
                0x00006026                TCC4_1_Handler
                0x00006026                SERCOM5_3_Handler
                0x00006026                SVC_Handler
                0x00006026                SERCOM6_1_Handler
                0x00006026                SDHC0_Handler
                0x00006026                SERCOM1_1_Handler
                0x00006026                I2S_Handler
                0x00006026                EIC_2_Handler
                0x00006026                PCC_Handler
                0x00006026                DAC_0_Handler
                0x00006026                TCC0_1_Handler
                0x00006026                SERCOM1_3_Handler
                0x00006026                EIC_6_Handler
                0x00006026                OSCCTRL_1_Handler
                0x00006026                SERCOM1_0_Handler
                0x00006026                PUKCC_Handler
                0x00006026                SERCOM2_1_Handler
                0x00006026                SERCOM1_2_Handler
                0x00006026                EIC_1_Handler
                0x00006026                SERCOM4_2_Handler
                0x00006026                EVSYS_4_Handler
                0x00006026                EIC_7_Handler
                0x00006026                NVMCTRL_1_Handler
                0x00006026                SERCOM5_2_Handler
                0x00006026                ADC0_1_Handler
                0x00006026                SERCOM2_2_Handler
                0x00006026                TCC3_1_Handler
                0x00006026                EIC_14_Handler
                0x00006026                DAC_1_Handler
                0x00006026                NVMCTRL_0_Handler
                0x00006026                TAL_1_Handler
                0x00006026                MCLK_Handler
                0x00006026                EVSYS_2_Handler
                0x00006026                SUPC_0_Handler
                0x00006026                BusFault_Handler
                0x00006026                FREQM_Handler
                0x00006026                TC0_Handler
                0x00006026                TCC0_3_Handler
                0x00006026                TCC0_4_Handler
                0x00006026                RAMECC_Handler
                0x00006026                TC5_Handler
                0x00006026                SERCOM2_0_Handler
                0x00006026                AES_Handler
                0x00006026                ICM_Handler
 .text.USB_0_Handler
                0x00006028       0x10 C:/sloeber-workspace/Samd51_DmaTest/Release/arduino.ar(cortex_handlers.c.o)
                0x00006028                USB_0_Handler
 .text.Reset_Handler
                0x00006038       0x70 C:/sloeber-workspace/Samd51_DmaTest/Release/arduino.ar(cortex_handlers.c.o)
                0x00006038                Reset_Handler
 .text.SysTick_Handler
                0x000060a8       0x12 C:/sloeber-workspace/Samd51_DmaTest/Release/arduino.ar(cortex_handlers.c.o)
                0x000060a8                SysTick_Handler
 .text.USB_1_Handler
                0x000060ba        0x4 C:/sloeber-workspace/Samd51_DmaTest/Release/arduino.ar(cortex_handlers.c.o)
                0x000060ba                USB_1_Handler
 .text.USB_2_Handler
                0x000060be        0x4 C:/sloeber-workspace/Samd51_DmaTest/Release/arduino.ar(cortex_handlers.c.o)
                0x000060be                USB_2_Handler
 .text.USB_3_Handler
                0x000060c2        0x4 C:/sloeber-workspace/Samd51_DmaTest/Release/arduino.ar(cortex_handlers.c.o)
                0x000060c2                USB_3_Handler
 *fill*         0x000060c6        0x2 
 .text.USB_SetHandler
                0x000060c8        0xc C:/sloeber-workspace/Samd51_DmaTest/Release/arduino.ar(cortex_handlers.c.o)
                0x000060c8                USB_SetHandler
 .text.micros   0x000060d4       0x58 C:/sloeber-workspace/Samd51_DmaTest/Release/arduino.ar(delay.c.o)
                0x000060d4                micros
 .text.delay    0x0000612c       0x26 C:/sloeber-workspace/Samd51_DmaTest/Release/arduino.ar(delay.c.o)
                0x0000612c                delay
 *fill*         0x00006152        0x2 
 .text.SysTick_DefaultHandler
                0x00006154       0x10 C:/sloeber-workspace/Samd51_DmaTest/Release/arduino.ar(delay.c.o)
                0x00006154                SysTick_DefaultHandler
 .text.__empty  0x00006164        0x2 C:/sloeber-workspace/Samd51_DmaTest/Release/arduino.ar(hooks.c.o)
                0x00006164                yield
 .text.__false  0x00006166        0x4 C:/sloeber-workspace/Samd51_DmaTest/Release/arduino.ar(hooks.c.o)
                0x00006166                sysTickHook
 .text._Z11initVariantv
                0x0000616a        0x2 C:/sloeber-workspace/Samd51_DmaTest/Release/arduino.ar(main.cpp.o)
                0x0000616a                initVariant()
 .text.startup.main
                0x0000616c       0x40 C:/sloeber-workspace/Samd51_DmaTest/Release/arduino.ar(main.cpp.o)
                0x0000616c                main
 .text._Znwj    0x000061ac        0x4 C:/sloeber-workspace/Samd51_DmaTest/Release/arduino.ar(new.cpp.o)
                0x000061ac                operator new(unsigned int)
 .text._ZdlPv   0x000061b0        0x4 C:/sloeber-workspace/Samd51_DmaTest/Release/arduino.ar(new.cpp.o)
                0x000061b0                operator delete(void*)
 .text.SystemInit
                0x000061b4      0x1f8 C:/sloeber-workspace/Samd51_DmaTest/Release/arduino.ar(startup.c.o)
                0x000061b4                SystemInit
 .text.init     0x000063ac      0x118 C:/sloeber-workspace/Samd51_DmaTest/Release/arduino.ar(wiring.c.o)
                0x000063ac                init
 .text.analogReference
                0x000064c4       0xc8 C:/sloeber-workspace/Samd51_DmaTest/Release/arduino.ar(wiring_analog.c.o)
                0x000064c4                analogReference
 .text.pinMode  0x0000658c       0x88 C:/sloeber-workspace/Samd51_DmaTest/Release/arduino.ar(wiring_digital.c.o)
                0x0000658c                pinMode
 .text.digitalWrite
                0x00006614       0x54 C:/sloeber-workspace/Samd51_DmaTest/Release/arduino.ar(wiring_digital.c.o)
                0x00006614                digitalWrite
 .text.pinPeripheral
                0x00006668       0xac C:/sloeber-workspace/Samd51_DmaTest/Release/arduino.ar(wiring_private.c.o)
                0x00006668                pinPeripheral
 .text._ZN13PluggableUSB_12getInterfaceEPh
                0x00006714       0x26 C:/sloeber-workspace/Samd51_DmaTest/Release/arduino.ar(PluggableUSB.cpp.o)
                0x00006714                PluggableUSB_::getInterface(unsigned char*)
 .text._ZN13PluggableUSB_13getDescriptorER8USBSetup
                0x0000673a       0x1c C:/sloeber-workspace/Samd51_DmaTest/Release/arduino.ar(PluggableUSB.cpp.o)
                0x0000673a                PluggableUSB_::getDescriptor(USBSetup&)
 .text._ZN13PluggableUSB_5setupER8USBSetup
                0x00006756       0x1c C:/sloeber-workspace/Samd51_DmaTest/Release/arduino.ar(PluggableUSB.cpp.o)
                0x00006756                PluggableUSB_::setup(USBSetup&)
 *fill*         0x00006772        0x2 
 .text._Z12PluggableUSBv
                0x00006774       0x24 C:/sloeber-workspace/Samd51_DmaTest/Release/arduino.ar(PluggableUSB.cpp.o)
                0x00006774                PluggableUSB()
 .text._ZN20USBDevice_SAMD21G18x5resetEv
                0x00006798       0x32 C:/sloeber-workspace/Samd51_DmaTest/Release/arduino.ar(SAMD21_USBDevice.cpp.o)
                0x00006798                USBDevice_SAMD21G18x::reset()
 *fill*         0x000067ca        0x2 
 .text._ZN20USBDevice_SAMD21G18x9calibrateEv
                0x000067cc       0x48 C:/sloeber-workspace/Samd51_DmaTest/Release/arduino.ar(SAMD21_USBDevice.cpp.o)
                0x000067cc                USBDevice_SAMD21G18x::calibrate()
 .text.__assert_func
                0x00006814       0x3c c:/sloeber/arduinoplugin/packages/arduino/tools/arm-none-eabi-gcc/7-2017q4/bin/../lib/gcc/arm-none-eabi/7.2.1/../../../../arm-none-eabi/lib/thumb/v7e-m/fpv4-sp/hard\libc_nano.a(lib_a-assert.o)
                0x00006814                __assert_func
 .text.fprintf  0x00006850       0x24 c:/sloeber/arduinoplugin/packages/arduino/tools/arm-none-eabi-gcc/7-2017q4/bin/../lib/gcc/arm-none-eabi/7.2.1/../../../../arm-none-eabi/lib/thumb/v7e-m/fpv4-sp/hard\libc_nano.a(lib_a-fprintf.o)
                0x00006850                fiprintf
                0x00006850                fprintf
 .text.__libc_init_array
                0x00006874       0x48 c:/sloeber/arduinoplugin/packages/arduino/tools/arm-none-eabi-gcc/7-2017q4/bin/../lib/gcc/arm-none-eabi/7.2.1/../../../../arm-none-eabi/lib/thumb/v7e-m/fpv4-sp/hard\libc_nano.a(lib_a-init.o)
                0x00006874                __libc_init_array
 .text.malloc   0x000068bc       0x10 c:/sloeber/arduinoplugin/packages/arduino/tools/arm-none-eabi-gcc/7-2017q4/bin/../lib/gcc/arm-none-eabi/7.2.1/../../../../arm-none-eabi/lib/thumb/v7e-m/fpv4-sp/hard\libc_nano.a(lib_a-malloc.o)
                0x000068bc                malloc
 .text.free     0x000068cc       0x10 c:/sloeber/arduinoplugin/packages/arduino/tools/arm-none-eabi-gcc/7-2017q4/bin/../lib/gcc/arm-none-eabi/7.2.1/../../../../arm-none-eabi/lib/thumb/v7e-m/fpv4-sp/hard\libc_nano.a(lib_a-malloc.o)
                0x000068cc                free
 .text.memcpy   0x000068dc       0x16 c:/sloeber/arduinoplugin/packages/arduino/tools/arm-none-eabi-gcc/7-2017q4/bin/../lib/gcc/arm-none-eabi/7.2.1/../../../../arm-none-eabi/lib/thumb/v7e-m/fpv4-sp/hard\libc_nano.a(lib_a-memcpy-stub.o)
                0x000068dc                memcpy
 .text.memset   0x000068f2       0x10 c:/sloeber/arduinoplugin/packages/arduino/tools/arm-none-eabi-gcc/7-2017q4/bin/../lib/gcc/arm-none-eabi/7.2.1/../../../../arm-none-eabi/lib/thumb/v7e-m/fpv4-sp/hard\libc_nano.a(lib_a-memset.o)
                0x000068f2                memset
 *fill*         0x00006902        0x2 
 .text._free_r  0x00006904       0x9c c:/sloeber/arduinoplugin/packages/arduino/tools/arm-none-eabi-gcc/7-2017q4/bin/../lib/gcc/arm-none-eabi/7.2.1/../../../../arm-none-eabi/lib/thumb/v7e-m/fpv4-sp/hard\libc_nano.a(lib_a-nano-freer.o)
                0x00006904                _free_r
 .text._malloc_r
                0x000069a0       0xb4 c:/sloeber/arduinoplugin/packages/arduino/tools/arm-none-eabi-gcc/7-2017q4/bin/../lib/gcc/arm-none-eabi/7.2.1/../../../../arm-none-eabi/lib/thumb/v7e-m/fpv4-sp/hard\libc_nano.a(lib_a-nano-mallocr.o)
                0x000069a0                _malloc_r
 .text.__sfputc_r
                0x00006a54       0x2e c:/sloeber/arduinoplugin/packages/arduino/tools/arm-none-eabi-gcc/7-2017q4/bin/../lib/gcc/arm-none-eabi/7.2.1/../../../../arm-none-eabi/lib/thumb/v7e-m/fpv4-sp/hard\libc_nano.a(lib_a-nano-vfprintf.o)
 .text.__sfputs_r
                0x00006a82       0x24 c:/sloeber/arduinoplugin/packages/arduino/tools/arm-none-eabi-gcc/7-2017q4/bin/../lib/gcc/arm-none-eabi/7.2.1/../../../../arm-none-eabi/lib/thumb/v7e-m/fpv4-sp/hard\libc_nano.a(lib_a-nano-vfprintf.o)
                0x00006a82                __sfputs_r
 *fill*         0x00006aa6        0x2 
 .text._vfprintf_r
                0x00006aa8      0x228 c:/sloeber/arduinoplugin/packages/arduino/tools/arm-none-eabi-gcc/7-2017q4/bin/../lib/gcc/arm-none-eabi/7.2.1/../../../../arm-none-eabi/lib/thumb/v7e-m/fpv4-sp/hard\libc_nano.a(lib_a-nano-vfprintf.o)
                0x00006aa8                _vfprintf_r
                0x00006aa8                _vfiprintf_r
 .text._printf_common
                0x00006cd0       0xea c:/sloeber/arduinoplugin/packages/arduino/tools/arm-none-eabi-gcc/7-2017q4/bin/../lib/gcc/arm-none-eabi/7.2.1/../../../../arm-none-eabi/lib/thumb/v7e-m/fpv4-sp/hard\libc_nano.a(lib_a-nano-vfprintf_i.o)
                0x00006cd0                _printf_common
 *fill*         0x00006dba        0x2 
 .text._printf_i
                0x00006dbc      0x224 c:/sloeber/arduinoplugin/packages/arduino/tools/arm-none-eabi-gcc/7-2017q4/bin/../lib/gcc/arm-none-eabi/7.2.1/../../../../arm-none-eabi/lib/thumb/v7e-m/fpv4-sp/hard\libc_nano.a(lib_a-nano-vfprintf_i.o)
                0x00006dbc                _printf_i
 .text._sbrk_r  0x00006fe0       0x20 c:/sloeber/arduinoplugin/packages/arduino/tools/arm-none-eabi-gcc/7-2017q4/bin/../lib/gcc/arm-none-eabi/7.2.1/../../../../arm-none-eabi/lib/thumb/v7e-m/fpv4-sp/hard\libc_nano.a(lib_a-sbrkr.o)
                0x00006fe0                _sbrk_r
 .text          0x00007000       0x10 c:/sloeber/arduinoplugin/packages/arduino/tools/arm-none-eabi-gcc/7-2017q4/bin/../lib/gcc/arm-none-eabi/7.2.1/../../../../arm-none-eabi/lib/thumb/v7e-m/fpv4-sp/hard\libc_nano.a(lib_a-strlen.o)
                0x00007000                strlen
 .text.__swbuf_r
                0x00007010       0xa4 c:/sloeber/arduinoplugin/packages/arduino/tools/arm-none-eabi-gcc/7-2017q4/bin/../lib/gcc/arm-none-eabi/7.2.1/../../../../arm-none-eabi/lib/thumb/v7e-m/fpv4-sp/hard\libc_nano.a(lib_a-wbuf.o)
                0x00007010                __swbuf_r
 .text.__swsetup_r
                0x000070b4       0xdc c:/sloeber/arduinoplugin/packages/arduino/tools/arm-none-eabi-gcc/7-2017q4/bin/../lib/gcc/arm-none-eabi/7.2.1/../../../../arm-none-eabi/lib/thumb/v7e-m/fpv4-sp/hard\libc_nano.a(lib_a-wsetup.o)
                0x000070b4                __swsetup_r
 .text.abort    0x00007190        0xe c:/sloeber/arduinoplugin/packages/arduino/tools/arm-none-eabi-gcc/7-2017q4/bin/../lib/gcc/arm-none-eabi/7.2.1/../../../../arm-none-eabi/lib/thumb/v7e-m/fpv4-sp/hard\libc_nano.a(lib_a-abort.o)
                0x00007190                abort
 *fill*         0x0000719e        0x2 
 .text.__sflush_r
                0x000071a0      0x10c c:/sloeber/arduinoplugin/packages/arduino/tools/arm-none-eabi-gcc/7-2017q4/bin/../lib/gcc/arm-none-eabi/7.2.1/../../../../arm-none-eabi/lib/thumb/v7e-m/fpv4-sp/hard\libc_nano.a(lib_a-fflush.o)
                0x000071a0                __sflush_r
 .text._fflush_r
                0x000072ac       0x54 c:/sloeber/arduinoplugin/packages/arduino/tools/arm-none-eabi-gcc/7-2017q4/bin/../lib/gcc/arm-none-eabi/7.2.1/../../../../arm-none-eabi/lib/thumb/v7e-m/fpv4-sp/hard\libc_nano.a(lib_a-fflush.o)
                0x000072ac                _fflush_r
 .text.std      0x00007300       0x48 c:/sloeber/arduinoplugin/packages/arduino/tools/arm-none-eabi-gcc/7-2017q4/bin/../lib/gcc/arm-none-eabi/7.2.1/../../../../arm-none-eabi/lib/thumb/v7e-m/fpv4-sp/hard\libc_nano.a(lib_a-findfp.o)
 .text._cleanup_r
                0x00007348        0xc c:/sloeber/arduinoplugin/packages/arduino/tools/arm-none-eabi-gcc/7-2017q4/bin/../lib/gcc/arm-none-eabi/7.2.1/../../../../arm-none-eabi/lib/thumb/v7e-m/fpv4-sp/hard\libc_nano.a(lib_a-findfp.o)
                0x00007348                _cleanup_r
 .text.__sfmoreglue
                0x00007354       0x2c c:/sloeber/arduinoplugin/packages/arduino/tools/arm-none-eabi-gcc/7-2017q4/bin/../lib/gcc/arm-none-eabi/7.2.1/../../../../arm-none-eabi/lib/thumb/v7e-m/fpv4-sp/hard\libc_nano.a(lib_a-findfp.o)
                0x00007354                __sfmoreglue
 .text.__sinit  0x00007380       0x60 c:/sloeber/arduinoplugin/packages/arduino/tools/arm-none-eabi-gcc/7-2017q4/bin/../lib/gcc/arm-none-eabi/7.2.1/../../../../arm-none-eabi/lib/thumb/v7e-m/fpv4-sp/hard\libc_nano.a(lib_a-findfp.o)
                0x00007380                __sinit
 .text.__sfp    0x000073e0       0x78 c:/sloeber/arduinoplugin/packages/arduino/tools/arm-none-eabi-gcc/7-2017q4/bin/../lib/gcc/arm-none-eabi/7.2.1/../../../../arm-none-eabi/lib/thumb/v7e-m/fpv4-sp/hard\libc_nano.a(lib_a-findfp.o)
                0x000073e0                __sfp
 .text._fwalk_reent
                0x00007458       0x3c c:/sloeber/arduinoplugin/packages/arduino/tools/arm-none-eabi-gcc/7-2017q4/bin/../lib/gcc/arm-none-eabi/7.2.1/../../../../arm-none-eabi/lib/thumb/v7e-m/fpv4-sp/hard\libc_nano.a(lib_a-fwalk.o)
                0x00007458                _fwalk_reent
 .text.__swhatbuf_r
                0x00007494       0x48 c:/sloeber/arduinoplugin/packages/arduino/tools/arm-none-eabi-gcc/7-2017q4/bin/../lib/gcc/arm-none-eabi/7.2.1/../../../../arm-none-eabi/lib/thumb/v7e-m/fpv4-sp/hard\libc_nano.a(lib_a-makebuf.o)
                0x00007494                __swhatbuf_r
 .text.__smakebuf_r
                0x000074dc       0x80 c:/sloeber/arduinoplugin/packages/arduino/tools/arm-none-eabi-gcc/7-2017q4/bin/../lib/gcc/arm-none-eabi/7.2.1/../../../../arm-none-eabi/lib/thumb/v7e-m/fpv4-sp/hard\libc_nano.a(lib_a-makebuf.o)
                0x000074dc                __smakebuf_r
 *fill*         0x0000755c        0x4 
 .text          0x00007560       0xa0 c:/sloeber/arduinoplugin/packages/arduino/tools/arm-none-eabi-gcc/7-2017q4/bin/../lib/gcc/arm-none-eabi/7.2.1/../../../../arm-none-eabi/lib/thumb/v7e-m/fpv4-sp/hard\libc_nano.a(lib_a-memchr.o)
                0x00007560                memchr
 .text.__malloc_lock
                0x00007600        0x2 c:/sloeber/arduinoplugin/packages/arduino/tools/arm-none-eabi-gcc/7-2017q4/bin/../lib/gcc/arm-none-eabi/7.2.1/../../../../arm-none-eabi/lib/thumb/v7e-m/fpv4-sp/hard\libc_nano.a(lib_a-mlock.o)
                0x00007600                __malloc_lock
 .text.__malloc_unlock
                0x00007602        0x2 c:/sloeber/arduinoplugin/packages/arduino/tools/arm-none-eabi-gcc/7-2017q4/bin/../lib/gcc/arm-none-eabi/7.2.1/../../../../arm-none-eabi/lib/thumb/v7e-m/fpv4-sp/hard\libc_nano.a(lib_a-mlock.o)
                0x00007602                __malloc_unlock
 .text._raise_r
                0x00007604       0x50 c:/sloeber/arduinoplugin/packages/arduino/tools/arm-none-eabi-gcc/7-2017q4/bin/../lib/gcc/arm-none-eabi/7.2.1/../../../../arm-none-eabi/lib/thumb/v7e-m/fpv4-sp/hard\libc_nano.a(lib_a-signal.o)
                0x00007604                _raise_r
 .text.raise    0x00007654       0x10 c:/sloeber/arduinoplugin/packages/arduino/tools/arm-none-eabi-gcc/7-2017q4/bin/../lib/gcc/arm-none-eabi/7.2.1/../../../../arm-none-eabi/lib/thumb/v7e-m/fpv4-sp/hard\libc_nano.a(lib_a-signal.o)
                0x00007654                raise
 .text._kill_r  0x00007664       0x24 c:/sloeber/arduinoplugin/packages/arduino/tools/arm-none-eabi-gcc/7-2017q4/bin/../lib/gcc/arm-none-eabi/7.2.1/../../../../arm-none-eabi/lib/thumb/v7e-m/fpv4-sp/hard\libc_nano.a(lib_a-signalr.o)
                0x00007664                _kill_r
 .text._getpid_r
                0x00007688        0x4 c:/sloeber/arduinoplugin/packages/arduino/tools/arm-none-eabi-gcc/7-2017q4/bin/../lib/gcc/arm-none-eabi/7.2.1/../../../../arm-none-eabi/lib/thumb/v7e-m/fpv4-sp/hard\libc_nano.a(lib_a-signalr.o)
                0x00007688                _getpid_r
 .text.__sread  0x0000768c       0x22 c:/sloeber/arduinoplugin/packages/arduino/tools/arm-none-eabi-gcc/7-2017q4/bin/../lib/gcc/arm-none-eabi/7.2.1/../../../../arm-none-eabi/lib/thumb/v7e-m/fpv4-sp/hard\libc_nano.a(lib_a-stdio.o)
                0x0000768c                __sread
 .text.__swrite
                0x000076ae       0x38 c:/sloeber/arduinoplugin/packages/arduino/tools/arm-none-eabi-gcc/7-2017q4/bin/../lib/gcc/arm-none-eabi/7.2.1/../../../../arm-none-eabi/lib/thumb/v7e-m/fpv4-sp/hard\libc_nano.a(lib_a-stdio.o)
                0x000076ae                __swrite
 .text.__sseek  0x000076e6       0x24 c:/sloeber/arduinoplugin/packages/arduino/tools/arm-none-eabi-gcc/7-2017q4/bin/../lib/gcc/arm-none-eabi/7.2.1/../../../../arm-none-eabi/lib/thumb/v7e-m/fpv4-sp/hard\libc_nano.a(lib_a-stdio.o)
                0x000076e6                __sseek
 .text.__sclose
                0x0000770a        0x8 c:/sloeber/arduinoplugin/packages/arduino/tools/arm-none-eabi-gcc/7-2017q4/bin/../lib/gcc/arm-none-eabi/7.2.1/../../../../arm-none-eabi/lib/thumb/v7e-m/fpv4-sp/hard\libc_nano.a(lib_a-stdio.o)
                0x0000770a                __sclose
 *fill*         0x00007712        0x2 
 .text._write_r
                0x00007714       0x24 c:/sloeber/arduinoplugin/packages/arduino/tools/arm-none-eabi-gcc/7-2017q4/bin/../lib/gcc/arm-none-eabi/7.2.1/../../../../arm-none-eabi/lib/thumb/v7e-m/fpv4-sp/hard\libc_nano.a(lib_a-writer.o)
                0x00007714                _write_r
 .text._close_r
                0x00007738       0x20 c:/sloeber/arduinoplugin/packages/arduino/tools/arm-none-eabi-gcc/7-2017q4/bin/../lib/gcc/arm-none-eabi/7.2.1/../../../../arm-none-eabi/lib/thumb/v7e-m/fpv4-sp/hard\libc_nano.a(lib_a-closer.o)
                0x00007738                _close_r
 .text._fstat_r
                0x00007758       0x24 c:/sloeber/arduinoplugin/packages/arduino/tools/arm-none-eabi-gcc/7-2017q4/bin/../lib/gcc/arm-none-eabi/7.2.1/../../../../arm-none-eabi/lib/thumb/v7e-m/fpv4-sp/hard\libc_nano.a(lib_a-fstatr.o)
                0x00007758                _fstat_r
 .text._isatty_r
                0x0000777c       0x20 c:/sloeber/arduinoplugin/packages/arduino/tools/arm-none-eabi-gcc/7-2017q4/bin/../lib/gcc/arm-none-eabi/7.2.1/../../../../arm-none-eabi/lib/thumb/v7e-m/fpv4-sp/hard\libc_nano.a(lib_a-isattyr.o)
                0x0000777c                _isatty_r
 .text._lseek_r
                0x0000779c       0x24 c:/sloeber/arduinoplugin/packages/arduino/tools/arm-none-eabi-gcc/7-2017q4/bin/../lib/gcc/arm-none-eabi/7.2.1/../../../../arm-none-eabi/lib/thumb/v7e-m/fpv4-sp/hard\libc_nano.a(lib_a-lseekr.o)
                0x0000779c                _lseek_r
 .text._read_r  0x000077c0       0x24 c:/sloeber/arduinoplugin/packages/arduino/tools/arm-none-eabi-gcc/7-2017q4/bin/../lib/gcc/arm-none-eabi/7.2.1/../../../../arm-none-eabi/lib/thumb/v7e-m/fpv4-sp/hard\libc_nano.a(lib_a-readr.o)
                0x000077c0                _read_r
 .text._close   0x000077e4       0x10 c:/sloeber/arduinoplugin/packages/arduino/tools/arm-none-eabi-gcc/7-2017q4/bin/../lib/gcc/arm-none-eabi/7.2.1/../../../../arm-none-eabi/lib/thumb/v7e-m/fpv4-sp/hard\libnosys.a(close.o)
                0x000077e4                _close
 .text._fstat   0x000077f4       0x10 c:/sloeber/arduinoplugin/packages/arduino/tools/arm-none-eabi-gcc/7-2017q4/bin/../lib/gcc/arm-none-eabi/7.2.1/../../../../arm-none-eabi/lib/thumb/v7e-m/fpv4-sp/hard\libnosys.a(fstat.o)
                0x000077f4                _fstat
 .text._getpid  0x00007804       0x10 c:/sloeber/arduinoplugin/packages/arduino/tools/arm-none-eabi-gcc/7-2017q4/bin/../lib/gcc/arm-none-eabi/7.2.1/../../../../arm-none-eabi/lib/thumb/v7e-m/fpv4-sp/hard\libnosys.a(getpid.o)
                0x00007804                _getpid
 .text._isatty  0x00007814       0x10 c:/sloeber/arduinoplugin/packages/arduino/tools/arm-none-eabi-gcc/7-2017q4/bin/../lib/gcc/arm-none-eabi/7.2.1/../../../../arm-none-eabi/lib/thumb/v7e-m/fpv4-sp/hard\libnosys.a(isatty.o)
                0x00007814                _isatty
 .text._kill    0x00007824       0x10 c:/sloeber/arduinoplugin/packages/arduino/tools/arm-none-eabi-gcc/7-2017q4/bin/../lib/gcc/arm-none-eabi/7.2.1/../../../../arm-none-eabi/lib/thumb/v7e-m/fpv4-sp/hard\libnosys.a(kill.o)
                0x00007824                _kill
 .text._lseek   0x00007834       0x10 c:/sloeber/arduinoplugin/packages/arduino/tools/arm-none-eabi-gcc/7-2017q4/bin/../lib/gcc/arm-none-eabi/7.2.1/../../../../arm-none-eabi/lib/thumb/v7e-m/fpv4-sp/hard\libnosys.a(lseek.o)
                0x00007834                _lseek
 .text._read    0x00007844       0x10 c:/sloeber/arduinoplugin/packages/arduino/tools/arm-none-eabi-gcc/7-2017q4/bin/../lib/gcc/arm-none-eabi/7.2.1/../../../../arm-none-eabi/lib/thumb/v7e-m/fpv4-sp/hard\libnosys.a(read.o)
                0x00007844                _read
 .text._sbrk    0x00007854       0x1c c:/sloeber/arduinoplugin/packages/arduino/tools/arm-none-eabi-gcc/7-2017q4/bin/../lib/gcc/arm-none-eabi/7.2.1/../../../../arm-none-eabi/lib/thumb/v7e-m/fpv4-sp/hard\libnosys.a(sbrk.o)
                0x00007854                _sbrk
 .text._write   0x00007870       0x10 c:/sloeber/arduinoplugin/packages/arduino/tools/arm-none-eabi-gcc/7-2017q4/bin/../lib/gcc/arm-none-eabi/7.2.1/../../../../arm-none-eabi/lib/thumb/v7e-m/fpv4-sp/hard\libnosys.a(write.o)
                0x00007870                _write
 .text._exit    0x00007880        0x4 c:/sloeber/arduinoplugin/packages/arduino/tools/arm-none-eabi-gcc/7-2017q4/bin/../lib/gcc/arm-none-eabi/7.2.1/../../../../arm-none-eabi/lib/thumb/v7e-m/fpv4-sp/hard\libnosys.a(_exit.o)
                0x00007880                _exit
 *(.init)
 .init          0x00007884        0x4 c:/sloeber/arduinoplugin/packages/arduino/tools/arm-none-eabi-gcc/7-2017q4/bin/../lib/gcc/arm-none-eabi/7.2.1/thumb/v7e-m/fpv4-sp/hard/crti.o
                0x00007884                _init
 .init          0x00007888        0x8 c:/sloeber/arduinoplugin/packages/arduino/tools/arm-none-eabi-gcc/7-2017q4/bin/../lib/gcc/arm-none-eabi/7.2.1/thumb/v7e-m/fpv4-sp/hard/crtn.o
 *(.fini)
 .fini          0x00007890        0x4 c:/sloeber/arduinoplugin/packages/arduino/tools/arm-none-eabi-gcc/7-2017q4/bin/../lib/gcc/arm-none-eabi/7.2.1/thumb/v7e-m/fpv4-sp/hard/crti.o
                0x00007890                _fini
 .fini          0x00007894        0x8 c:/sloeber/arduinoplugin/packages/arduino/tools/arm-none-eabi-gcc/7-2017q4/bin/../lib/gcc/arm-none-eabi/7.2.1/thumb/v7e-m/fpv4-sp/hard/crtn.o
 *crtbegin.o(.ctors)
 *crtbegin?.o(.ctors)
 *(EXCLUDE_FILE(*crtend.o *crtend?.o) .ctors)
 *(SORT_BY_NAME(.ctors.*))
 *(.ctors)
 *crtbegin.o(.dtors)
 *crtbegin?.o(.dtors)
 *(EXCLUDE_FILE(*crtend.o *crtend?.o) .dtors)
 *(SORT_BY_NAME(.dtors.*))
 *(.dtors)
 *(.rodata*)
 .rodata.loop.str1.1
                0x0000789c       0x1d .\sloeber.ino.cpp.o
 .rodata.setup.str1.1
                0x000078b9       0x36 .\sloeber.ino.cpp.o
 .rodata._ZN8SPIClassC2EP6SERCOMhhh14SercomSpiTXPad11SercomRXPad.str1.1
                0x000078ef       0x74 .\libraries\SPI\SPI.cpp.o
 .rodata._ZZN8SPIClassC4EP6SERCOMhhh14SercomSpiTXPad11SercomRXPadE19__PRETTY_FUNCTION__
                0x00007963       0x54 .\libraries\SPI\SPI.cpp.o
 *fill*         0x000079b7        0x1 
 .rodata.g_APinDescription
                0x000079b8      0x468 .\core\variant\variant.cpp.o
                0x000079b8                g_APinDescription
 .rodata._ZTV7Serial_
                0x00007e20       0x24 C:/sloeber-workspace/Samd51_DmaTest/Release/arduino.ar(CDC.cpp.o)
                0x00007e20                vtable for Serial_
 .rodata._ZTV26DoubleBufferedEPOutHandler
                0x00007e44       0x20 C:/sloeber-workspace/Samd51_DmaTest/Release/arduino.ar(USBCore.cpp.o)
                0x00007e44                vtable for DoubleBufferedEPOutHandler
 .rodata._ZL14STRING_PRODUCT
                0x00007e64       0x12 C:/sloeber-workspace/Samd51_DmaTest/Release/arduino.ar(USBCore.cpp.o)
 .rodata._ZL15STRING_LANGUAGE
                0x00007e76        0x4 C:/sloeber-workspace/Samd51_DmaTest/Release/arduino.ar(USBCore.cpp.o)
 .rodata._ZL19STRING_MANUFACTURER
                0x00007e7a        0xd C:/sloeber-workspace/Samd51_DmaTest/Release/arduino.ar(USBCore.cpp.o)
 .rodata._ZL21USB_DeviceDescriptorB
                0x00007e87       0x12 C:/sloeber-workspace/Samd51_DmaTest/Release/arduino.ar(USBCore.cpp.o)
 .rodata._ZN5Print7printlnEv.str1.1
                0x00007e99        0x3 C:/sloeber-workspace/Samd51_DmaTest/Release/arduino.ar(Print.cpp.o)
 .rodata._ZL10sercomData
                0x00007e9c       0x60 C:/sloeber-workspace/Samd51_DmaTest/Release/arduino.ar(SERCOM.cpp.o)
 .rodata._ZTV4Uart
                0x00007efc       0x34 C:/sloeber-workspace/Samd51_DmaTest/Release/arduino.ar(Uart.cpp.o)
                0x00007efc                vtable for Uart
 .rodata.__assert_func.str1.1
                0x00007f30       0x3c c:/sloeber/arduinoplugin/packages/arduino/tools/arm-none-eabi-gcc/7-2017q4/bin/../lib/gcc/arm-none-eabi/7.2.1/../../../../arm-none-eabi/lib/thumb/v7e-m/fpv4-sp/hard\libc_nano.a(lib_a-assert.o)
                                 0x3d (size before relaxing)
 .rodata._global_impure_ptr
                0x00007f6c        0x4 c:/sloeber/arduinoplugin/packages/arduino/tools/arm-none-eabi-gcc/7-2017q4/bin/../lib/gcc/arm-none-eabi/7.2.1/../../../../arm-none-eabi/lib/thumb/v7e-m/fpv4-sp/hard\libc_nano.a(lib_a-impure.o)
                0x00007f6c                _global_impure_ptr
 .rodata._vfprintf_r.str1.1
                0x00007f70       0x11 c:/sloeber/arduinoplugin/packages/arduino/tools/arm-none-eabi-gcc/7-2017q4/bin/../lib/gcc/arm-none-eabi/7.2.1/../../../../arm-none-eabi/lib/thumb/v7e-m/fpv4-sp/hard\libc_nano.a(lib_a-nano-vfprintf.o)
 .rodata._printf_i.str1.1
                0x00007f81       0x22 c:/sloeber/arduinoplugin/packages/arduino/tools/arm-none-eabi-gcc/7-2017q4/bin/../lib/gcc/arm-none-eabi/7.2.1/../../../../arm-none-eabi/lib/thumb/v7e-m/fpv4-sp/hard\libc_nano.a(lib_a-nano-vfprintf_i.o)
 *fill*         0x00007fa3        0x1 
 .rodata.__sf_fake_stderr
                0x00007fa4       0x20 c:/sloeber/arduinoplugin/packages/arduino/tools/arm-none-eabi-gcc/7-2017q4/bin/../lib/gcc/arm-none-eabi/7.2.1/../../../../arm-none-eabi/lib/thumb/v7e-m/fpv4-sp/hard\libc_nano.a(lib_a-findfp.o)
                0x00007fa4                __sf_fake_stderr
 .rodata.__sf_fake_stdin
                0x00007fc4       0x20 c:/sloeber/arduinoplugin/packages/arduino/tools/arm-none-eabi-gcc/7-2017q4/bin/../lib/gcc/arm-none-eabi/7.2.1/../../../../arm-none-eabi/lib/thumb/v7e-m/fpv4-sp/hard\libc_nano.a(lib_a-findfp.o)
                0x00007fc4                __sf_fake_stdin
 .rodata.__sf_fake_stdout
                0x00007fe4       0x20 c:/sloeber/arduinoplugin/packages/arduino/tools/arm-none-eabi-gcc/7-2017q4/bin/../lib/gcc/arm-none-eabi/7.2.1/../../../../arm-none-eabi/lib/thumb/v7e-m/fpv4-sp/hard\libc_nano.a(lib_a-findfp.o)
                0x00007fe4                __sf_fake_stdout
 *(.eh_frame*)
 .eh_frame      0x00008004        0x0 c:/sloeber/arduinoplugin/packages/arduino/tools/arm-none-eabi-gcc/7-2017q4/bin/../lib/gcc/arm-none-eabi/7.2.1/thumb/v7e-m/fpv4-sp/hard/crtbegin.o
 .eh_frame      0x00008004        0x4 c:/sloeber/arduinoplugin/packages/arduino/tools/arm-none-eabi-gcc/7-2017q4/bin/../lib/gcc/arm-none-eabi/7.2.1/thumb/v7e-m/fpv4-sp/hard/crtend.o

.glue_7         0x00008008        0x0
 .glue_7        0x00008008        0x0 linker stubs

.glue_7t        0x00008008        0x0
 .glue_7t       0x00008008        0x0 linker stubs

.vfp11_veneer   0x00008008        0x0
 .vfp11_veneer  0x00008008        0x0 linker stubs

.v4_bx          0x00008008        0x0
 .v4_bx         0x00008008        0x0 linker stubs

.iplt           0x00008008        0x0
 .iplt          0x00008008        0x0 c:/sloeber/arduinoplugin/packages/arduino/tools/arm-none-eabi-gcc/7-2017q4/bin/../lib/gcc/arm-none-eabi/7.2.1/thumb/v7e-m/fpv4-sp/hard/crtbegin.o

.rel.dyn        0x00008008        0x0
 .rel.iplt      0x00008008        0x0 c:/sloeber/arduinoplugin/packages/arduino/tools/arm-none-eabi-gcc/7-2017q4/bin/../lib/gcc/arm-none-eabi/7.2.1/thumb/v7e-m/fpv4-sp/hard/crtbegin.o

.ARM.extab
 *(.ARM.extab* .gnu.linkonce.armextab.*)
                0x00008008                __exidx_start = .

.ARM.exidx
 *(.ARM.exidx* .gnu.linkonce.armexidx.*)
                0x00008008                __exidx_end = .
                0x00008008                __etext = .

.data           0x20000000      0x100 load address 0x00008008
                0x20000000                __data_start__ = .
 *(vtable)
 *(.data*)
 .data._ZL10breakValue
                0x20000000        0x4 C:/sloeber-workspace/Samd51_DmaTest/Release/arduino.ar(CDC.cpp.o)
 .data._ZL12_usbLineInfo
                0x20000004        0x8 C:/sloeber-workspace/Samd51_DmaTest/Release/arduino.ar(CDC.cpp.o)
 .data._ZL13_cdcInterface
                0x2000000c       0x42 C:/sloeber-workspace/Samd51_DmaTest/Release/arduino.ar(CDC.cpp.o)
 *fill*         0x2000004e        0x2 
 .data._serialPeek
                0x20000050        0x4 C:/sloeber-workspace/Samd51_DmaTest/Release/arduino.ar(CDC.cpp.o)
                0x20000050                _serialPeek
 .data.EndPoints
                0x20000054       0x28 C:/sloeber-workspace/Samd51_DmaTest/Release/arduino.ar(USBCore.cpp.o)
                0x20000054                EndPoints
 .data._ZL5ticks
                0x2000007c        0x4 C:/sloeber-workspace/Samd51_DmaTest/Release/arduino.ar(Reset.cpp.o)
 .data.SystemCoreClock
                0x20000080        0x4 C:/sloeber-workspace/Samd51_DmaTest/Release/arduino.ar(wiring.c.o)
                0x20000080                SystemCoreClock
 .data._impure_ptr
                0x20000084        0x4 c:/sloeber/arduinoplugin/packages/arduino/tools/arm-none-eabi-gcc/7-2017q4/bin/../lib/gcc/arm-none-eabi/7.2.1/../../../../arm-none-eabi/lib/thumb/v7e-m/fpv4-sp/hard\libc_nano.a(lib_a-impure.o)
                0x20000084                _impure_ptr
 .data.impure_data
                0x20000088       0x60 c:/sloeber/arduinoplugin/packages/arduino/tools/arm-none-eabi-gcc/7-2017q4/bin/../lib/gcc/arm-none-eabi/7.2.1/../../../../arm-none-eabi/lib/thumb/v7e-m/fpv4-sp/hard\libc_nano.a(lib_a-impure.o)
                0x200000e8                . = ALIGN (0x4)
                0x200000e8                PROVIDE (__preinit_array_start, .)
 *(.preinit_array)
                0x200000e8                PROVIDE (__preinit_array_end, .)
                0x200000e8                . = ALIGN (0x4)
                0x200000e8                PROVIDE (__init_array_start, .)
 *(SORT_BY_NAME(.init_array.*))
 *(.init_array)
 .init_array    0x200000e8        0x4 c:/sloeber/arduinoplugin/packages/arduino/tools/arm-none-eabi-gcc/7-2017q4/bin/../lib/gcc/arm-none-eabi/7.2.1/thumb/v7e-m/fpv4-sp/hard/crtbegin.o
 .init_array    0x200000ec        0x4 .\libraries\SPI\SPI.cpp.o
 .init_array    0x200000f0        0x4 .\core\variant\variant.cpp.o
 .init_array    0x200000f4        0x4 C:/sloeber-workspace/Samd51_DmaTest/Release/arduino.ar(CDC.cpp.o)
 .init_array    0x200000f8        0x4 C:/sloeber-workspace/Samd51_DmaTest/Release/arduino.ar(USBCore.cpp.o)
                0x200000fc                PROVIDE (__init_array_end, .)
                0x200000fc                . = ALIGN (0x4)
                [!provide]                PROVIDE (__fini_array_start, .)
 *(SORT_BY_NAME(.fini_array.*))
 *(.fini_array)
 .fini_array    0x200000fc        0x4 c:/sloeber/arduinoplugin/packages/arduino/tools/arm-none-eabi-gcc/7-2017q4/bin/../lib/gcc/arm-none-eabi/7.2.1/thumb/v7e-m/fpv4-sp/hard/crtbegin.o
                [!provide]                PROVIDE (__fini_array_end, .)
 *(.jcr*)
                0x20000100                . = ALIGN (0x10)
                0x20000100                __data_end__ = .

.igot.plt       0x20000100        0x0 load address 0x00008108
 .igot.plt      0x20000100        0x0 c:/sloeber/arduinoplugin/packages/arduino/tools/arm-none-eabi-gcc/7-2017q4/bin/../lib/gcc/arm-none-eabi/7.2.1/thumb/v7e-m/fpv4-sp/hard/crtbegin.o

.bss            0x20000100     0x2984 load address 0x00008108
                0x20000100                . = ALIGN (0x4)
                0x20000100                __bss_start__ = .
 *(.bss*)
 .bss           0x20000100       0x1c c:/sloeber/arduinoplugin/packages/arduino/tools/arm-none-eabi-gcc/7-2017q4/bin/../lib/gcc/arm-none-eabi/7.2.1/thumb/v7e-m/fpv4-sp/hard/crtbegin.o
 .bss.receive_memory
                0x2000011c     0x1000 .\sloeber.ino.cpp.o
                0x2000011c                receive_memory
 .bss.send_memory
                0x2000111c     0x1000 .\sloeber.ino.cpp.o
                0x2000111c                send_memory
 .bss.SPI       0x2000211c       0x58 .\libraries\SPI\SPI.cpp.o
                0x2000211c                SPI
 .bss._ZL20DEFAULT_SPI_SETTINGS
                0x20002174        0x8 .\libraries\SPI\SPI.cpp.o
 .bss._ZL28cpu_irq_prev_interrupt_state
                0x2000217c        0x1 .\libraries\Adafruit_ZeroDMA\Adafruit_ZeroDMA.cpp.o
 *fill*         0x2000217d        0x3 
 .bss._ZL32cpu_irq_critical_section_counter
                0x20002180        0x4 .\libraries\Adafruit_ZeroDMA\Adafruit_ZeroDMA.cpp.o
 .bss._ZL7_dmaPtr
                0x20002184       0x80 .\libraries\Adafruit_ZeroDMA\Adafruit_ZeroDMA.cpp.o
 .bss.Serial1   0x20002204      0x23c .\core\variant\variant.cpp.o
                0x20002204                Serial1
 .bss.sercom0   0x20002440        0xc .\core\variant\variant.cpp.o
                0x20002440                sercom0
 .bss.sercom1   0x2000244c        0xc .\core\variant\variant.cpp.o
                0x2000244c                sercom1
 .bss.sercom2   0x20002458        0xc .\core\variant\variant.cpp.o
                0x20002458                sercom2
 .bss.sercom3   0x20002464        0xc .\core\variant\variant.cpp.o
                0x20002464                sercom3
 .bss.sercom4   0x20002470        0xc .\core\variant\variant.cpp.o
                0x20002470                sercom4
 .bss.sercom5   0x2000247c        0xc .\core\variant\variant.cpp.o
                0x2000247c                sercom5
 .bss.Serial    0x20002488       0x1c C:/sloeber-workspace/Samd51_DmaTest/Release/arduino.ar(CDC.cpp.o)
                0x20002488                Serial
 .bss.USBDevice
                0x200024a4        0x1 C:/sloeber-workspace/Samd51_DmaTest/Release/arduino.ar(USBCore.cpp.o)
                0x200024a4                USBDevice
 *fill*         0x200024a5        0x3 
 .bss._ZL10epHandlers
                0x200024a8       0x1c C:/sloeber-workspace/Samd51_DmaTest/Release/arduino.ar(USBCore.cpp.o)
 .bss._ZL10rxLEDPulse
                0x200024c4        0x1 C:/sloeber-workspace/Samd51_DmaTest/Release/arduino.ar(USBCore.cpp.o)
 .bss._ZL10txLEDPulse
                0x200024c5        0x1 C:/sloeber-workspace/Samd51_DmaTest/Release/arduino.ar(USBCore.cpp.o)
 .bss._ZL14isEndpointHalt
                0x200024c6        0x1 C:/sloeber-workspace/Samd51_DmaTest/Release/arduino.ar(USBCore.cpp.o)
 .bss._ZL20LastTransmitTimedOut
                0x200024c7        0x7 C:/sloeber-workspace/Samd51_DmaTest/Release/arduino.ar(USBCore.cpp.o)
 .bss._ZL21isRemoteWakeUpEnabled
                0x200024ce        0x1 C:/sloeber-workspace/Samd51_DmaTest/Release/arduino.ar(USBCore.cpp.o)
 *fill*         0x200024cf        0x1 
 .bss._ZL22udd_ep_in_cache_buffer
                0x200024d0      0x1c0 C:/sloeber-workspace/Samd51_DmaTest/Release/arduino.ar(USBCore.cpp.o)
 .bss._ZL23udd_ep_out_cache_buffer
                0x20002690      0x1c0 C:/sloeber-workspace/Samd51_DmaTest/Release/arduino.ar(USBCore.cpp.o)
 .bss._dry_run  0x20002850        0x1 C:/sloeber-workspace/Samd51_DmaTest/Release/arduino.ar(USBCore.cpp.o)
                0x20002850                _dry_run
 .bss._pack_buffer
                0x20002851      0x100 C:/sloeber-workspace/Samd51_DmaTest/Release/arduino.ar(USBCore.cpp.o)
                0x20002851                _pack_buffer
 .bss._pack_message
                0x20002951        0x1 C:/sloeber-workspace/Samd51_DmaTest/Release/arduino.ar(USBCore.cpp.o)
                0x20002951                _pack_message
 .bss._pack_size
                0x20002952        0x2 C:/sloeber-workspace/Samd51_DmaTest/Release/arduino.ar(USBCore.cpp.o)
                0x20002952                _pack_size
 .bss._usbConfiguration
                0x20002954        0x4 C:/sloeber-workspace/Samd51_DmaTest/Release/arduino.ar(USBCore.cpp.o)
                0x20002954                _usbConfiguration
 .bss._usbSetInterface
                0x20002958        0x4 C:/sloeber-workspace/Samd51_DmaTest/Release/arduino.ar(USBCore.cpp.o)
                0x20002958                _usbSetInterface
 .bss.usbd      0x2000295c      0x104 C:/sloeber-workspace/Samd51_DmaTest/Release/arduino.ar(USBCore.cpp.o)
                0x2000295c                usbd
 .bss.usb_isr   0x20002a60        0x4 C:/sloeber-workspace/Samd51_DmaTest/Release/arduino.ar(cortex_handlers.c.o)
 .bss._ulTickCount
                0x20002a64        0x4 C:/sloeber-workspace/Samd51_DmaTest/Release/arduino.ar(delay.c.o)
 .bss._ZGVZ12PluggableUSBvE3obj
                0x20002a68        0x4 C:/sloeber-workspace/Samd51_DmaTest/Release/arduino.ar(PluggableUSB.cpp.o)
 .bss._ZZ12PluggableUSBvE3obj
                0x20002a6c        0x8 C:/sloeber-workspace/Samd51_DmaTest/Release/arduino.ar(PluggableUSB.cpp.o)
 .bss.__malloc_free_list
                0x20002a74        0x4 c:/sloeber/arduinoplugin/packages/arduino/tools/arm-none-eabi-gcc/7-2017q4/bin/../lib/gcc/arm-none-eabi/7.2.1/../../../../arm-none-eabi/lib/thumb/v7e-m/fpv4-sp/hard\libc_nano.a(lib_a-nano-mallocr.o)
                0x20002a74                __malloc_free_list
 .bss.__malloc_sbrk_start
                0x20002a78        0x4 c:/sloeber/arduinoplugin/packages/arduino/tools/arm-none-eabi-gcc/7-2017q4/bin/../lib/gcc/arm-none-eabi/7.2.1/../../../../arm-none-eabi/lib/thumb/v7e-m/fpv4-sp/hard\libc_nano.a(lib_a-nano-mallocr.o)
                0x20002a78                __malloc_sbrk_start
 .bss.heap_end.5377
                0x20002a7c        0x4 c:/sloeber/arduinoplugin/packages/arduino/tools/arm-none-eabi-gcc/7-2017q4/bin/../lib/gcc/arm-none-eabi/7.2.1/../../../../arm-none-eabi/lib/thumb/v7e-m/fpv4-sp/hard\libnosys.a(sbrk.o)
 *(COMMON)
 COMMON         0x20002a80        0x4 c:/sloeber/arduinoplugin/packages/arduino/tools/arm-none-eabi-gcc/7-2017q4/bin/../lib/gcc/arm-none-eabi/7.2.1/../../../../arm-none-eabi/lib/thumb/v7e-m/fpv4-sp/hard\libc_nano.a(lib_a-reent.o)
                0x20002a80                errno
                0x20002a84                . = ALIGN (0x4)
                0x20002a84                __bss_end__ = .

.heap           0x20002a84        0x0
                0x20002a84                __end__ = .
                0x20002a84                PROVIDE (end, .)
 *(.heap*)
                0x20002a84                __HeapLimit = .

.stack_dummy    0x20002a84        0x0
 *(.stack*)
                0x20030000                __StackTop = (ORIGIN (RAM) + LENGTH (RAM))
                0x20030000                __StackLimit = (__StackTop - SIZEOF (.stack_dummy))
                0x20030000                PROVIDE (__stack, __StackTop)
                0x2002ffff                __ram_end__ = ((ORIGIN (RAM) + LENGTH (RAM)) - 0x1)
                0x00000001                ASSERT ((__StackLimit >= __HeapLimit), region RAM overflowed with stack)
OUTPUT(C:/sloeber-workspace/Samd51_DmaTest/Release/Samd51_DmaTest.elf elf32-littlearm)

.ARM.attributes
                0x00000000       0x30
 .ARM.attributes
                0x00000000       0x22 c:/sloeber/arduinoplugin/packages/arduino/tools/arm-none-eabi-gcc/7-2017q4/bin/../lib/gcc/arm-none-eabi/7.2.1/thumb/v7e-m/fpv4-sp/hard/crti.o
 .ARM.attributes
                0x00000022       0x34 c:/sloeber/arduinoplugin/packages/arduino/tools/arm-none-eabi-gcc/7-2017q4/bin/../lib/gcc/arm-none-eabi/7.2.1/thumb/v7e-m/fpv4-sp/hard/crtbegin.o
 .ARM.attributes
                0x00000056       0x39 .\sloeber.ino.cpp.o
 .ARM.attributes
                0x0000008f       0x39 .\libraries\SPI\SPI.cpp.o
 .ARM.attributes
                0x000000c8       0x39 .\libraries\Adafruit_ZeroDMA\Adafruit_ZeroDMA.cpp.o
 .ARM.attributes
                0x00000101       0x39 .\core\variant\variant.cpp.o
 .ARM.attributes
                0x0000013a       0x39 C:/sloeber-workspace/Samd51_DmaTest/Release/arduino.ar(CDC.cpp.o)
 .ARM.attributes
                0x00000173       0x39 C:/sloeber-workspace/Samd51_DmaTest/Release/arduino.ar(USBCore.cpp.o)
 .ARM.attributes
                0x000001ac       0x39 C:/sloeber-workspace/Samd51_DmaTest/Release/arduino.ar(Print.cpp.o)
 .ARM.attributes
                0x000001e5       0x39 C:/sloeber-workspace/Samd51_DmaTest/Release/arduino.ar(Reset.cpp.o)
 .ARM.attributes
                0x0000021e       0x39 C:/sloeber-workspace/Samd51_DmaTest/Release/arduino.ar(SERCOM.cpp.o)
 .ARM.attributes
                0x00000257       0x39 C:/sloeber-workspace/Samd51_DmaTest/Release/arduino.ar(Uart.cpp.o)
 .ARM.attributes
                0x00000290       0x39 C:/sloeber-workspace/Samd51_DmaTest/Release/arduino.ar(cortex_handlers.c.o)
 .ARM.attributes
                0x000002c9       0x39 C:/sloeber-workspace/Samd51_DmaTest/Release/arduino.ar(delay.c.o)
 .ARM.attributes
                0x00000302       0x39 C:/sloeber-workspace/Samd51_DmaTest/Release/arduino.ar(hooks.c.o)
 .ARM.attributes
                0x0000033b       0x39 C:/sloeber-workspace/Samd51_DmaTest/Release/arduino.ar(main.cpp.o)
 .ARM.attributes
                0x00000374       0x39 C:/sloeber-workspace/Samd51_DmaTest/Release/arduino.ar(new.cpp.o)
 .ARM.attributes
                0x000003ad       0x39 C:/sloeber-workspace/Samd51_DmaTest/Release/arduino.ar(startup.c.o)
 .ARM.attributes
                0x000003e6       0x39 C:/sloeber-workspace/Samd51_DmaTest/Release/arduino.ar(wiring.c.o)
 .ARM.attributes
                0x0000041f       0x39 C:/sloeber-workspace/Samd51_DmaTest/Release/arduino.ar(wiring_analog.c.o)
 .ARM.attributes
                0x00000458       0x39 C:/sloeber-workspace/Samd51_DmaTest/Release/arduino.ar(wiring_digital.c.o)
 .ARM.attributes
                0x00000491       0x39 C:/sloeber-workspace/Samd51_DmaTest/Release/arduino.ar(wiring_private.c.o)
 .ARM.attributes
                0x000004ca       0x39 C:/sloeber-workspace/Samd51_DmaTest/Release/arduino.ar(PluggableUSB.cpp.o)
 .ARM.attributes
                0x00000503       0x39 C:/sloeber-workspace/Samd51_DmaTest/Release/arduino.ar(SAMD21_USBDevice.cpp.o)
 .ARM.attributes
                0x0000053c       0x34 c:/sloeber/arduinoplugin/packages/arduino/tools/arm-none-eabi-gcc/7-2017q4/bin/../lib/gcc/arm-none-eabi/7.2.1/../../../../arm-none-eabi/lib/thumb/v7e-m/fpv4-sp/hard\libc_nano.a(lib_a-assert.o)
 .ARM.attributes
                0x00000570       0x34 c:/sloeber/arduinoplugin/packages/arduino/tools/arm-none-eabi-gcc/7-2017q4/bin/../lib/gcc/arm-none-eabi/7.2.1/../../../../arm-none-eabi/lib/thumb/v7e-m/fpv4-sp/hard\libc_nano.a(lib_a-fprintf.o)
 .ARM.attributes
                0x000005a4       0x34 c:/sloeber/arduinoplugin/packages/arduino/tools/arm-none-eabi-gcc/7-2017q4/bin/../lib/gcc/arm-none-eabi/7.2.1/../../../../arm-none-eabi/lib/thumb/v7e-m/fpv4-sp/hard\libc_nano.a(lib_a-impure.o)
 .ARM.attributes
                0x000005d8       0x34 c:/sloeber/arduinoplugin/packages/arduino/tools/arm-none-eabi-gcc/7-2017q4/bin/../lib/gcc/arm-none-eabi/7.2.1/../../../../arm-none-eabi/lib/thumb/v7e-m/fpv4-sp/hard\libc_nano.a(lib_a-init.o)
 .ARM.attributes
                0x0000060c       0x34 c:/sloeber/arduinoplugin/packages/arduino/tools/arm-none-eabi-gcc/7-2017q4/bin/../lib/gcc/arm-none-eabi/7.2.1/../../../../arm-none-eabi/lib/thumb/v7e-m/fpv4-sp/hard\libc_nano.a(lib_a-malloc.o)
 .ARM.attributes
                0x00000640       0x34 c:/sloeber/arduinoplugin/packages/arduino/tools/arm-none-eabi-gcc/7-2017q4/bin/../lib/gcc/arm-none-eabi/7.2.1/../../../../arm-none-eabi/lib/thumb/v7e-m/fpv4-sp/hard\libc_nano.a(lib_a-memcpy-stub.o)
 .ARM.attributes
                0x00000674       0x34 c:/sloeber/arduinoplugin/packages/arduino/tools/arm-none-eabi-gcc/7-2017q4/bin/../lib/gcc/arm-none-eabi/7.2.1/../../../../arm-none-eabi/lib/thumb/v7e-m/fpv4-sp/hard\libc_nano.a(lib_a-memset.o)
 .ARM.attributes
                0x000006a8       0x34 c:/sloeber/arduinoplugin/packages/arduino/tools/arm-none-eabi-gcc/7-2017q4/bin/../lib/gcc/arm-none-eabi/7.2.1/../../../../arm-none-eabi/lib/thumb/v7e-m/fpv4-sp/hard\libc_nano.a(lib_a-nano-freer.o)
 .ARM.attributes
                0x000006dc       0x34 c:/sloeber/arduinoplugin/packages/arduino/tools/arm-none-eabi-gcc/7-2017q4/bin/../lib/gcc/arm-none-eabi/7.2.1/../../../../arm-none-eabi/lib/thumb/v7e-m/fpv4-sp/hard\libc_nano.a(lib_a-nano-mallocr.o)
 .ARM.attributes
                0x00000710       0x34 c:/sloeber/arduinoplugin/packages/arduino/tools/arm-none-eabi-gcc/7-2017q4/bin/../lib/gcc/arm-none-eabi/7.2.1/../../../../arm-none-eabi/lib/thumb/v7e-m/fpv4-sp/hard\libc_nano.a(lib_a-nano-vfprintf.o)
 .ARM.attributes
                0x00000744       0x34 c:/sloeber/arduinoplugin/packages/arduino/tools/arm-none-eabi-gcc/7-2017q4/bin/../lib/gcc/arm-none-eabi/7.2.1/../../../../arm-none-eabi/lib/thumb/v7e-m/fpv4-sp/hard\libc_nano.a(lib_a-nano-vfprintf_i.o)
 .ARM.attributes
                0x00000778       0x34 c:/sloeber/arduinoplugin/packages/arduino/tools/arm-none-eabi-gcc/7-2017q4/bin/../lib/gcc/arm-none-eabi/7.2.1/../../../../arm-none-eabi/lib/thumb/v7e-m/fpv4-sp/hard\libc_nano.a(lib_a-sbrkr.o)
 .ARM.attributes
                0x000007ac       0x1b c:/sloeber/arduinoplugin/packages/arduino/tools/arm-none-eabi-gcc/7-2017q4/bin/../lib/gcc/arm-none-eabi/7.2.1/../../../../arm-none-eabi/lib/thumb/v7e-m/fpv4-sp/hard\libc_nano.a(lib_a-strlen.o)
 .ARM.attributes
                0x000007c7       0x34 c:/sloeber/arduinoplugin/packages/arduino/tools/arm-none-eabi-gcc/7-2017q4/bin/../lib/gcc/arm-none-eabi/7.2.1/../../../../arm-none-eabi/lib/thumb/v7e-m/fpv4-sp/hard\libc_nano.a(lib_a-wbuf.o)
 .ARM.attributes
                0x000007fb       0x34 c:/sloeber/arduinoplugin/packages/arduino/tools/arm-none-eabi-gcc/7-2017q4/bin/../lib/gcc/arm-none-eabi/7.2.1/../../../../arm-none-eabi/lib/thumb/v7e-m/fpv4-sp/hard\libc_nano.a(lib_a-wsetup.o)
 .ARM.attributes
                0x0000082f       0x34 c:/sloeber/arduinoplugin/packages/arduino/tools/arm-none-eabi-gcc/7-2017q4/bin/../lib/gcc/arm-none-eabi/7.2.1/../../../../arm-none-eabi/lib/thumb/v7e-m/fpv4-sp/hard\libc_nano.a(lib_a-abort.o)
 .ARM.attributes
                0x00000863       0x34 c:/sloeber/arduinoplugin/packages/arduino/tools/arm-none-eabi-gcc/7-2017q4/bin/../lib/gcc/arm-none-eabi/7.2.1/../../../../arm-none-eabi/lib/thumb/v7e-m/fpv4-sp/hard\libc_nano.a(lib_a-fflush.o)
 .ARM.attributes
                0x00000897       0x34 c:/sloeber/arduinoplugin/packages/arduino/tools/arm-none-eabi-gcc/7-2017q4/bin/../lib/gcc/arm-none-eabi/7.2.1/../../../../arm-none-eabi/lib/thumb/v7e-m/fpv4-sp/hard\libc_nano.a(lib_a-findfp.o)
 .ARM.attributes
                0x000008cb       0x34 c:/sloeber/arduinoplugin/packages/arduino/tools/arm-none-eabi-gcc/7-2017q4/bin/../lib/gcc/arm-none-eabi/7.2.1/../../../../arm-none-eabi/lib/thumb/v7e-m/fpv4-sp/hard\libc_nano.a(lib_a-fwalk.o)
 .ARM.attributes
                0x000008ff       0x34 c:/sloeber/arduinoplugin/packages/arduino/tools/arm-none-eabi-gcc/7-2017q4/bin/../lib/gcc/arm-none-eabi/7.2.1/../../../../arm-none-eabi/lib/thumb/v7e-m/fpv4-sp/hard\libc_nano.a(lib_a-makebuf.o)
 .ARM.attributes
                0x00000933       0x20 c:/sloeber/arduinoplugin/packages/arduino/tools/arm-none-eabi-gcc/7-2017q4/bin/../lib/gcc/arm-none-eabi/7.2.1/../../../../arm-none-eabi/lib/thumb/v7e-m/fpv4-sp/hard\libc_nano.a(lib_a-memchr.o)
 .ARM.attributes
                0x00000953       0x34 c:/sloeber/arduinoplugin/packages/arduino/tools/arm-none-eabi-gcc/7-2017q4/bin/../lib/gcc/arm-none-eabi/7.2.1/../../../../arm-none-eabi/lib/thumb/v7e-m/fpv4-sp/hard\libc_nano.a(lib_a-mlock.o)
 .ARM.attributes
                0x00000987       0x34 c:/sloeber/arduinoplugin/packages/arduino/tools/arm-none-eabi-gcc/7-2017q4/bin/../lib/gcc/arm-none-eabi/7.2.1/../../../../arm-none-eabi/lib/thumb/v7e-m/fpv4-sp/hard\libc_nano.a(lib_a-reent.o)
 .ARM.attributes
                0x000009bb       0x34 c:/sloeber/arduinoplugin/packages/arduino/tools/arm-none-eabi-gcc/7-2017q4/bin/../lib/gcc/arm-none-eabi/7.2.1/../../../../arm-none-eabi/lib/thumb/v7e-m/fpv4-sp/hard\libc_nano.a(lib_a-signal.o)
 .ARM.attributes
                0x000009ef       0x34 c:/sloeber/arduinoplugin/packages/arduino/tools/arm-none-eabi-gcc/7-2017q4/bin/../lib/gcc/arm-none-eabi/7.2.1/../../../../arm-none-eabi/lib/thumb/v7e-m/fpv4-sp/hard\libc_nano.a(lib_a-signalr.o)
 .ARM.attributes
                0x00000a23       0x34 c:/sloeber/arduinoplugin/packages/arduino/tools/arm-none-eabi-gcc/7-2017q4/bin/../lib/gcc/arm-none-eabi/7.2.1/../../../../arm-none-eabi/lib/thumb/v7e-m/fpv4-sp/hard\libc_nano.a(lib_a-stdio.o)
 .ARM.attributes
                0x00000a57       0x34 c:/sloeber/arduinoplugin/packages/arduino/tools/arm-none-eabi-gcc/7-2017q4/bin/../lib/gcc/arm-none-eabi/7.2.1/../../../../arm-none-eabi/lib/thumb/v7e-m/fpv4-sp/hard\libc_nano.a(lib_a-writer.o)
 .ARM.attributes
                0x00000a8b       0x34 c:/sloeber/arduinoplugin/packages/arduino/tools/arm-none-eabi-gcc/7-2017q4/bin/../lib/gcc/arm-none-eabi/7.2.1/../../../../arm-none-eabi/lib/thumb/v7e-m/fpv4-sp/hard\libc_nano.a(lib_a-closer.o)
 .ARM.attributes
                0x00000abf       0x34 c:/sloeber/arduinoplugin/packages/arduino/tools/arm-none-eabi-gcc/7-2017q4/bin/../lib/gcc/arm-none-eabi/7.2.1/../../../../arm-none-eabi/lib/thumb/v7e-m/fpv4-sp/hard\libc_nano.a(lib_a-fstatr.o)
 .ARM.attributes
                0x00000af3       0x34 c:/sloeber/arduinoplugin/packages/arduino/tools/arm-none-eabi-gcc/7-2017q4/bin/../lib/gcc/arm-none-eabi/7.2.1/../../../../arm-none-eabi/lib/thumb/v7e-m/fpv4-sp/hard\libc_nano.a(lib_a-isattyr.o)
 .ARM.attributes
                0x00000b27       0x34 c:/sloeber/arduinoplugin/packages/arduino/tools/arm-none-eabi-gcc/7-2017q4/bin/../lib/gcc/arm-none-eabi/7.2.1/../../../../arm-none-eabi/lib/thumb/v7e-m/fpv4-sp/hard\libc_nano.a(lib_a-lseekr.o)
 .ARM.attributes
                0x00000b5b       0x34 c:/sloeber/arduinoplugin/packages/arduino/tools/arm-none-eabi-gcc/7-2017q4/bin/../lib/gcc/arm-none-eabi/7.2.1/../../../../arm-none-eabi/lib/thumb/v7e-m/fpv4-sp/hard\libc_nano.a(lib_a-readr.o)
 .ARM.attributes
                0x00000b8f       0x34 c:/sloeber/arduinoplugin/packages/arduino/tools/arm-none-eabi-gcc/7-2017q4/bin/../lib/gcc/arm-none-eabi/7.2.1/../../../../arm-none-eabi/lib/thumb/v7e-m/fpv4-sp/hard\libnosys.a(close.o)
 .ARM.attributes
                0x00000bc3       0x34 c:/sloeber/arduinoplugin/packages/arduino/tools/arm-none-eabi-gcc/7-2017q4/bin/../lib/gcc/arm-none-eabi/7.2.1/../../../../arm-none-eabi/lib/thumb/v7e-m/fpv4-sp/hard\libnosys.a(fstat.o)
 .ARM.attributes
                0x00000bf7       0x34 c:/sloeber/arduinoplugin/packages/arduino/tools/arm-none-eabi-gcc/7-2017q4/bin/../lib/gcc/arm-none-eabi/7.2.1/../../../../arm-none-eabi/lib/thumb/v7e-m/fpv4-sp/hard\libnosys.a(getpid.o)
 .ARM.attributes
                0x00000c2b       0x34 c:/sloeber/arduinoplugin/packages/arduino/tools/arm-none-eabi-gcc/7-2017q4/bin/../lib/gcc/arm-none-eabi/7.2.1/../../../../arm-none-eabi/lib/thumb/v7e-m/fpv4-sp/hard\libnosys.a(isatty.o)
 .ARM.attributes
                0x00000c5f       0x34 c:/sloeber/arduinoplugin/packages/arduino/tools/arm-none-eabi-gcc/7-2017q4/bin/../lib/gcc/arm-none-eabi/7.2.1/../../../../arm-none-eabi/lib/thumb/v7e-m/fpv4-sp/hard\libnosys.a(kill.o)
 .ARM.attributes
                0x00000c93       0x34 c:/sloeber/arduinoplugin/packages/arduino/tools/arm-none-eabi-gcc/7-2017q4/bin/../lib/gcc/arm-none-eabi/7.2.1/../../../../arm-none-eabi/lib/thumb/v7e-m/fpv4-sp/hard\libnosys.a(lseek.o)
 .ARM.attributes
                0x00000cc7       0x34 c:/sloeber/arduinoplugin/packages/arduino/tools/arm-none-eabi-gcc/7-2017q4/bin/../lib/gcc/arm-none-eabi/7.2.1/../../../../arm-none-eabi/lib/thumb/v7e-m/fpv4-sp/hard\libnosys.a(read.o)
 .ARM.attributes
                0x00000cfb       0x34 c:/sloeber/arduinoplugin/packages/arduino/tools/arm-none-eabi-gcc/7-2017q4/bin/../lib/gcc/arm-none-eabi/7.2.1/../../../../arm-none-eabi/lib/thumb/v7e-m/fpv4-sp/hard\libnosys.a(sbrk.o)
 .ARM.attributes
                0x00000d2f       0x34 c:/sloeber/arduinoplugin/packages/arduino/tools/arm-none-eabi-gcc/7-2017q4/bin/../lib/gcc/arm-none-eabi/7.2.1/../../../../arm-none-eabi/lib/thumb/v7e-m/fpv4-sp/hard\libnosys.a(write.o)
 .ARM.attributes
                0x00000d63       0x34 c:/sloeber/arduinoplugin/packages/arduino/tools/arm-none-eabi-gcc/7-2017q4/bin/../lib/gcc/arm-none-eabi/7.2.1/../../../../arm-none-eabi/lib/thumb/v7e-m/fpv4-sp/hard\libnosys.a(_exit.o)
 .ARM.attributes
                0x00000d97       0x34 c:/sloeber/arduinoplugin/packages/arduino/tools/arm-none-eabi-gcc/7-2017q4/bin/../lib/gcc/arm-none-eabi/7.2.1/thumb/v7e-m/fpv4-sp/hard/crtend.o
 .ARM.attributes
                0x00000dcb       0x22 c:/sloeber/arduinoplugin/packages/arduino/tools/arm-none-eabi-gcc/7-2017q4/bin/../lib/gcc/arm-none-eabi/7.2.1/thumb/v7e-m/fpv4-sp/hard/crtn.o

.comment        0x00000000       0x7e
 .comment       0x00000000       0x7e .\sloeber.ino.cpp.o
                                 0x7f (size before relaxing)
 .comment       0x0000007e       0x7f .\libraries\SPI\SPI.cpp.o
 .comment       0x0000007e       0x7f .\libraries\Adafruit_ZeroDMA\Adafruit_ZeroDMA.cpp.o
 .comment       0x0000007e       0x7f .\core\variant\variant.cpp.o
 .comment       0x0000007e       0x7f C:/sloeber-workspace/Samd51_DmaTest/Release/arduino.ar(CDC.cpp.o)
 .comment       0x0000007e       0x7f C:/sloeber-workspace/Samd51_DmaTest/Release/arduino.ar(USBCore.cpp.o)
 .comment       0x0000007e       0x7f C:/sloeber-workspace/Samd51_DmaTest/Release/arduino.ar(Print.cpp.o)
 .comment       0x0000007e       0x7f C:/sloeber-workspace/Samd51_DmaTest/Release/arduino.ar(Reset.cpp.o)
 .comment       0x0000007e       0x7f C:/sloeber-workspace/Samd51_DmaTest/Release/arduino.ar(SERCOM.cpp.o)
 .comment       0x0000007e       0x7f C:/sloeber-workspace/Samd51_DmaTest/Release/arduino.ar(Uart.cpp.o)
 .comment       0x0000007e       0x7f C:/sloeber-workspace/Samd51_DmaTest/Release/arduino.ar(cortex_handlers.c.o)
 .comment       0x0000007e       0x7f C:/sloeber-workspace/Samd51_DmaTest/Release/arduino.ar(delay.c.o)
 .comment       0x0000007e       0x7f C:/sloeber-workspace/Samd51_DmaTest/Release/arduino.ar(hooks.c.o)
 .comment       0x0000007e       0x7f C:/sloeber-workspace/Samd51_DmaTest/Release/arduino.ar(main.cpp.o)
 .comment       0x0000007e       0x7f C:/sloeber-workspace/Samd51_DmaTest/Release/arduino.ar(new.cpp.o)
 .comment       0x0000007e       0x7f C:/sloeber-workspace/Samd51_DmaTest/Release/arduino.ar(startup.c.o)
 .comment       0x0000007e       0x7f C:/sloeber-workspace/Samd51_DmaTest/Release/arduino.ar(wiring.c.o)
 .comment       0x0000007e       0x7f C:/sloeber-workspace/Samd51_DmaTest/Release/arduino.ar(wiring_analog.c.o)
 .comment       0x0000007e       0x7f C:/sloeber-workspace/Samd51_DmaTest/Release/arduino.ar(wiring_digital.c.o)
 .comment       0x0000007e       0x7f C:/sloeber-workspace/Samd51_DmaTest/Release/arduino.ar(wiring_private.c.o)
 .comment       0x0000007e       0x7f C:/sloeber-workspace/Samd51_DmaTest/Release/arduino.ar(PluggableUSB.cpp.o)
 .comment       0x0000007e       0x7f C:/sloeber-workspace/Samd51_DmaTest/Release/arduino.ar(SAMD21_USBDevice.cpp.o)

.debug_info     0x00000000    0x75ef0
 .debug_info    0x00000000     0x62e9 .\sloeber.ino.cpp.o
 .debug_info    0x000062e9     0x7482 .\libraries\SPI\SPI.cpp.o
 .debug_info    0x0000d76b     0x83f9 .\libraries\Adafruit_ZeroDMA\Adafruit_ZeroDMA.cpp.o
 .debug_info    0x00015b64     0x6bf1 .\core\variant\variant.cpp.o
 .debug_info    0x0001c755     0x74e3 C:/sloeber-workspace/Samd51_DmaTest/Release/arduino.ar(CDC.cpp.o)
 .debug_info    0x00023c38     0xcc02 C:/sloeber-workspace/Samd51_DmaTest/Release/arduino.ar(USBCore.cpp.o)
 .debug_info    0x0003083a     0x795a C:/sloeber-workspace/Samd51_DmaTest/Release/arduino.ar(Print.cpp.o)
 .debug_info    0x00038194     0x5326 C:/sloeber-workspace/Samd51_DmaTest/Release/arduino.ar(Reset.cpp.o)
 .debug_info    0x0003d4ba     0x6ba5 C:/sloeber-workspace/Samd51_DmaTest/Release/arduino.ar(SERCOM.cpp.o)
 .debug_info    0x0004405f     0x86a6 C:/sloeber-workspace/Samd51_DmaTest/Release/arduino.ar(Uart.cpp.o)
 .debug_info    0x0004c705     0x1966 C:/sloeber-workspace/Samd51_DmaTest/Release/arduino.ar(cortex_handlers.c.o)
 .debug_info    0x0004e06b     0x169e C:/sloeber-workspace/Samd51_DmaTest/Release/arduino.ar(delay.c.o)